\BOOKMARK [0][-]{chapter.1}{\376\377\0001\000\040\000H\000i\000e\000r\000a\000r\000c\000h\000i\000c\000a\000l\000\040\000I\000n\000d\000e\000x}{}% 1
\BOOKMARK [1][-]{section.1.1}{\376\377\0001\000.\0001\000\040\000C\000l\000a\000s\000s\000\040\000H\000i\000e\000r\000a\000r\000c\000h\000y}{chapter.1}% 2
\BOOKMARK [0][-]{chapter.2}{\376\377\0002\000\040\000C\000l\000a\000s\000s\000\040\000I\000n\000d\000e\000x}{}% 3
\BOOKMARK [1][-]{section.2.1}{\376\377\0002\000.\0001\000\040\000C\000l\000a\000s\000s\000\040\000L\000i\000s\000t}{chapter.2}% 4
\BOOKMARK [0][-]{chapter.3}{\376\377\0003\000\040\000F\000i\000l\000e\000\040\000I\000n\000d\000e\000x}{}% 5
\BOOKMARK [1][-]{section.3.1}{\376\377\0003\000.\0001\000\040\000F\000i\000l\000e\000\040\000L\000i\000s\000t}{chapter.3}% 6
\BOOKMARK [0][-]{chapter.4}{\376\377\0004\000\040\000C\000l\000a\000s\000s\000\040\000D\000o\000c\000u\000m\000e\000n\000t\000a\000t\000i\000o\000n}{}% 7
\BOOKMARK [1][-]{section.4.1}{\376\377\0004\000.\0001\000\040\000a\000n\000k\000i\000c\000p\000p\000:\000:\000C\000a\000r\000d\000\040\000C\000l\000a\000s\000s\000\040\000R\000e\000f\000e\000r\000e\000n\000c\000e}{chapter.4}% 8
\BOOKMARK [1][-]{section.4.2}{\376\377\0004\000.\0002\000\040\000a\000n\000k\000i\000c\000p\000p\000:\000:\000C\000a\000r\000d\000D\000T\000O\000\040\000C\000l\000a\000s\000s\000\040\000R\000e\000f\000e\000r\000e\000n\000c\000e}{chapter.4}% 9
\BOOKMARK [1][-]{section.4.3}{\376\377\0004\000.\0003\000\040\000a\000n\000k\000i\000c\000p\000p\000:\000:\000C\000a\000r\000d\000R\000e\000p\000o\000s\000i\000t\000o\000r\000y\000\040\000C\000l\000a\000s\000s\000\040\000R\000e\000f\000e\000r\000e\000n\000c\000e}{chapter.4}% 10
\BOOKMARK [1][-]{section.4.4}{\376\377\0004\000.\0004\000\040\000a\000n\000k\000i\000c\000p\000p\000:\000:\000C\000o\000l\000D\000T\000O\000\040\000C\000l\000a\000s\000s\000\040\000R\000e\000f\000e\000r\000e\000n\000c\000e}{chapter.4}% 11
\BOOKMARK [1][-]{section.4.5}{\376\377\0004\000.\0005\000\040\000a\000n\000k\000i\000c\000p\000p\000:\000:\000C\000o\000l\000R\000e\000p\000o\000s\000i\000t\000o\000r\000y\000\040\000C\000l\000a\000s\000s\000\040\000R\000e\000f\000e\000r\000e\000n\000c\000e}{chapter.4}% 12
\BOOKMARK [1][-]{section.4.6}{\376\377\0004\000.\0006\000\040\000a\000n\000k\000i\000c\000p\000p\000:\000:\000C\000o\000n\000f\000i\000g\000D\000T\000O\000\040\000C\000l\000a\000s\000s\000\040\000R\000e\000f\000e\000r\000e\000n\000c\000e}{chapter.4}% 13
\BOOKMARK [1][-]{section.4.7}{\376\377\0004\000.\0007\000\040\000a\000n\000k\000i\000c\000p\000p\000:\000:\000C\000o\000n\000f\000i\000g\000R\000e\000p\000o\000s\000i\000t\000o\000r\000y\000\040\000C\000l\000a\000s\000s\000\040\000R\000e\000f\000e\000r\000e\000n\000c\000e}{chapter.4}% 14
\BOOKMARK [1][-]{section.4.8}{\376\377\0004\000.\0008\000\040\000a\000n\000k\000i\000c\000p\000p\000:\000:\000D\000e\000c\000k\000\040\000C\000l\000a\000s\000s\000\040\000R\000e\000f\000e\000r\000e\000n\000c\000e}{chapter.4}% 15
\BOOKMARK [1][-]{section.4.9}{\376\377\0004\000.\0009\000\040\000a\000n\000k\000i\000c\000p\000p\000:\000:\000D\000e\000c\000k\000C\000o\000n\000f\000i\000g\000D\000T\000O\000\040\000C\000l\000a\000s\000s\000\040\000R\000e\000f\000e\000r\000e\000n\000c\000e}{chapter.4}% 16
\BOOKMARK [1][-]{section.4.10}{\376\377\0004\000.\0001\0000\000\040\000a\000n\000k\000i\000c\000p\000p\000:\000:\000D\000e\000c\000k\000C\000o\000n\000f\000i\000g\000R\000e\000p\000o\000s\000i\000t\000o\000r\000y\000\040\000C\000l\000a\000s\000s\000\040\000R\000e\000f\000e\000r\000e\000n\000c\000e}{chapter.4}% 17
\BOOKMARK [1][-]{section.4.11}{\376\377\0004\000.\0001\0001\000\040\000a\000n\000k\000i\000c\000p\000p\000:\000:\000D\000e\000c\000k\000D\000T\000O\000\040\000C\000l\000a\000s\000s\000\040\000R\000e\000f\000e\000r\000e\000n\000c\000e}{chapter.4}% 18
\BOOKMARK [1][-]{section.4.12}{\376\377\0004\000.\0001\0002\000\040\000a\000n\000k\000i\000c\000p\000p\000:\000:\000D\000e\000c\000k\000R\000e\000p\000o\000s\000i\000t\000o\000r\000y\000\040\000C\000l\000a\000s\000s\000\040\000R\000e\000f\000e\000r\000e\000n\000c\000e}{chapter.4}% 19
\BOOKMARK [1][-]{section.4.13}{\376\377\0004\000.\0001\0003\000\040\000a\000n\000k\000i\000c\000p\000p\000:\000:\000F\000i\000e\000l\000d\000\040\000C\000l\000a\000s\000s\000\040\000R\000e\000f\000e\000r\000e\000n\000c\000e}{chapter.4}% 20
\BOOKMARK [1][-]{section.4.14}{\376\377\0004\000.\0001\0004\000\040\000a\000n\000k\000i\000c\000p\000p\000:\000:\000F\000i\000e\000l\000d\000D\000T\000O\000\040\000C\000l\000a\000s\000s\000\040\000R\000e\000f\000e\000r\000e\000n\000c\000e}{chapter.4}% 21
\BOOKMARK [1][-]{section.4.15}{\376\377\0004\000.\0001\0005\000\040\000a\000n\000k\000i\000c\000p\000p\000:\000:\000F\000i\000e\000l\000d\000R\000e\000p\000o\000s\000i\000t\000o\000r\000y\000\040\000C\000l\000a\000s\000s\000\040\000R\000e\000f\000e\000r\000e\000n\000c\000e}{chapter.4}% 22
\BOOKMARK [1][-]{section.4.16}{\376\377\0004\000.\0001\0006\000\040\000a\000n\000k\000i\000c\000p\000p\000:\000:\000G\000r\000a\000v\000e\000D\000T\000O\000\040\000C\000l\000a\000s\000s\000\040\000R\000e\000f\000e\000r\000e\000n\000c\000e}{chapter.4}% 23
\BOOKMARK [1][-]{section.4.17}{\376\377\0004\000.\0001\0007\000\040\000a\000n\000k\000i\000c\000p\000p\000:\000:\000I\000d\000e\000n\000t\000i\000f\000y\000a\000b\000l\000e\000\040\000C\000l\000a\000s\000s\000\040\000R\000e\000f\000e\000r\000e\000n\000c\000e}{chapter.4}% 24
\BOOKMARK [1][-]{section.4.18}{\376\377\0004\000.\0001\0008\000\040\000a\000n\000k\000i\000c\000p\000p\000:\000:\000N\000a\000m\000e\000a\000b\000l\000e\000\040\000C\000l\000a\000s\000s\000\040\000R\000e\000f\000e\000r\000e\000n\000c\000e}{chapter.4}% 25
\BOOKMARK [1][-]{section.4.19}{\376\377\0004\000.\0001\0009\000\040\000a\000n\000k\000i\000c\000p\000p\000:\000:\000N\000o\000t\000e\000\040\000C\000l\000a\000s\000s\000\040\000R\000e\000f\000e\000r\000e\000n\000c\000e}{chapter.4}% 26
\BOOKMARK [1][-]{section.4.20}{\376\377\0004\000.\0002\0000\000\040\000a\000n\000k\000i\000c\000p\000p\000:\000:\000N\000o\000t\000e\000D\000T\000O\000\040\000C\000l\000a\000s\000s\000\040\000R\000e\000f\000e\000r\000e\000n\000c\000e}{chapter.4}% 27
\BOOKMARK [1][-]{section.4.21}{\376\377\0004\000.\0002\0001\000\040\000a\000n\000k\000i\000c\000p\000p\000:\000:\000N\000o\000t\000e\000R\000e\000p\000o\000s\000i\000t\000o\000r\000y\000\040\000C\000l\000a\000s\000s\000\040\000R\000e\000f\000e\000r\000e\000n\000c\000e}{chapter.4}% 28
\BOOKMARK [1][-]{section.4.22}{\376\377\0004\000.\0002\0002\000\040\000a\000n\000k\000i\000c\000p\000p\000:\000:\000N\000o\000t\000e\000T\000y\000p\000e\000\040\000C\000l\000a\000s\000s\000\040\000R\000e\000f\000e\000r\000e\000n\000c\000e}{chapter.4}% 29
\BOOKMARK [1][-]{section.4.23}{\376\377\0004\000.\0002\0003\000\040\000a\000n\000k\000i\000c\000p\000p\000:\000:\000N\000o\000t\000e\000T\000y\000p\000e\000D\000T\000O\000\040\000C\000l\000a\000s\000s\000\040\000R\000e\000f\000e\000r\000e\000n\000c\000e}{chapter.4}% 30
\BOOKMARK [1][-]{section.4.24}{\376\377\0004\000.\0002\0004\000\040\000a\000n\000k\000i\000c\000p\000p\000:\000:\000N\000o\000t\000e\000T\000y\000p\000e\000R\000e\000p\000o\000s\000i\000t\000o\000r\000y\000\040\000C\000l\000a\000s\000s\000\040\000R\000e\000f\000e\000r\000e\000n\000c\000e}{chapter.4}% 31
\BOOKMARK [1][-]{section.4.25}{\376\377\0004\000.\0002\0005\000\040\000a\000n\000k\000i\000c\000p\000p\000:\000:\000R\000e\000p\000o\000s\000i\000t\000o\000r\000y\000<\000\040\000D\000,\000\040\000K\000\040\000>\000\040\000C\000l\000a\000s\000s\000\040\000T\000e\000m\000p\000l\000a\000t\000e\000\040\000R\000e\000f\000e\000r\000e\000n\000c\000e}{chapter.4}% 32
\BOOKMARK [1][-]{section.4.26}{\376\377\0004\000.\0002\0006\000\040\000a\000n\000k\000i\000c\000p\000p\000:\000:\000R\000e\000p\000o\000s\000i\000t\000o\000r\000y\000<\000\040\000C\000a\000r\000d\000D\000T\000O\000,\000\040\000s\000t\000d\000:\000:\000i\000n\000t\0006\0004\000\137\000t\000\040\000>\000\040\000C\000l\000a\000s\000s\000\040\000R\000e\000f\000e\000r\000e\000n\000c\000e}{chapter.4}% 33
\BOOKMARK [1][-]{section.4.27}{\376\377\0004\000.\0002\0007\000\040\000a\000n\000k\000i\000c\000p\000p\000:\000:\000R\000e\000p\000o\000s\000i\000t\000o\000r\000y\000<\000\040\000C\000o\000l\000D\000T\000O\000,\000\040\000s\000t\000d\000:\000:\000i\000n\000t\0006\0004\000\137\000t\000\040\000>\000\040\000C\000l\000a\000s\000s\000\040\000R\000e\000f\000e\000r\000e\000n\000c\000e}{chapter.4}% 34
\BOOKMARK [1][-]{section.4.28}{\376\377\0004\000.\0002\0008\000\040\000a\000n\000k\000i\000c\000p\000p\000:\000:\000R\000e\000p\000o\000s\000i\000t\000o\000r\000y\000<\000\040\000C\000o\000n\000f\000i\000g\000D\000T\000O\000,\000\040\000s\000t\000d\000:\000:\000i\000n\000t\0006\0004\000\137\000t\000\040\000>\000\040\000C\000l\000a\000s\000s\000\040\000R\000e\000f\000e\000r\000e\000n\000c\000e}{chapter.4}% 35
\BOOKMARK [1][-]{section.4.29}{\376\377\0004\000.\0002\0009\000\040\000a\000n\000k\000i\000c\000p\000p\000:\000:\000R\000e\000p\000o\000s\000i\000t\000o\000r\000y\000<\000\040\000D\000e\000c\000k\000C\000o\000n\000f\000i\000g\000D\000T\000O\000,\000\040\000s\000t\000d\000:\000:\000i\000n\000t\0006\0004\000\137\000t\000\040\000>\000\040\000C\000l\000a\000s\000s\000\040\000R\000e\000f\000e\000r\000e\000n\000c\000e}{chapter.4}% 36
\BOOKMARK [1][-]{section.4.30}{\376\377\0004\000.\0003\0000\000\040\000a\000n\000k\000i\000c\000p\000p\000:\000:\000R\000e\000p\000o\000s\000i\000t\000o\000r\000y\000<\000\040\000D\000e\000c\000k\000D\000T\000O\000,\000\040\000s\000t\000d\000:\000:\000i\000n\000t\0006\0004\000\137\000t\000\040\000>\000\040\000C\000l\000a\000s\000s\000\040\000R\000e\000f\000e\000r\000e\000n\000c\000e}{chapter.4}% 37
\BOOKMARK [1][-]{section.4.31}{\376\377\0004\000.\0003\0001\000\040\000a\000n\000k\000i\000c\000p\000p\000:\000:\000R\000e\000p\000o\000s\000i\000t\000o\000r\000y\000<\000\040\000F\000i\000e\000l\000d\000D\000T\000O\000,\000\040\000s\000t\000d\000:\000:\000i\000n\000t\0006\0004\000\137\000t\000\040\000>\000\040\000C\000l\000a\000s\000s\000\040\000R\000e\000f\000e\000r\000e\000n\000c\000e}{chapter.4}% 38
\BOOKMARK [1][-]{section.4.32}{\376\377\0004\000.\0003\0002\000\040\000a\000n\000k\000i\000c\000p\000p\000:\000:\000R\000e\000p\000o\000s\000i\000t\000o\000r\000y\000<\000\040\000N\000o\000t\000e\000D\000T\000O\000,\000\040\000s\000t\000d\000:\000:\000i\000n\000t\0006\0004\000\137\000t\000\040\000>\000\040\000C\000l\000a\000s\000s\000\040\000R\000e\000f\000e\000r\000e\000n\000c\000e}{chapter.4}% 39
\BOOKMARK [1][-]{section.4.33}{\376\377\0004\000.\0003\0003\000\040\000a\000n\000k\000i\000c\000p\000p\000:\000:\000R\000e\000p\000o\000s\000i\000t\000o\000r\000y\000<\000\040\000N\000o\000t\000e\000T\000y\000p\000e\000D\000T\000O\000,\000\040\000s\000t\000d\000:\000:\000i\000n\000t\0006\0004\000\137\000t\000\040\000>\000\040\000C\000l\000a\000s\000s\000\040\000R\000e\000f\000e\000r\000e\000n\000c\000e}{chapter.4}% 40
\BOOKMARK [1][-]{section.4.34}{\376\377\0004\000.\0003\0004\000\040\000a\000n\000k\000i\000c\000p\000p\000:\000:\000R\000e\000p\000o\000s\000i\000t\000o\000r\000y\000<\000\040\000T\000e\000m\000p\000l\000a\000t\000e\000D\000T\000O\000,\000\040\000s\000t\000d\000:\000:\000i\000n\000t\0006\0004\000\137\000t\000\040\000>\000\040\000C\000l\000a\000s\000s\000\040\000R\000e\000f\000e\000r\000e\000n\000c\000e}{chapter.4}% 41
\BOOKMARK [1][-]{section.4.35}{\376\377\0004\000.\0003\0005\000\040\000a\000n\000k\000i\000c\000p\000p\000:\000:\000T\000a\000g\000D\000T\000O\000\040\000C\000l\000a\000s\000s\000\040\000R\000e\000f\000e\000r\000e\000n\000c\000e}{chapter.4}% 42
\BOOKMARK [1][-]{section.4.36}{\376\377\0004\000.\0003\0006\000\040\000a\000n\000k\000i\000c\000p\000p\000:\000:\000T\000e\000m\000p\000l\000a\000t\000e\000\040\000C\000l\000a\000s\000s\000\040\000R\000e\000f\000e\000r\000e\000n\000c\000e}{chapter.4}% 43
\BOOKMARK [1][-]{section.4.37}{\376\377\0004\000.\0003\0007\000\040\000a\000n\000k\000i\000c\000p\000p\000:\000:\000T\000e\000m\000p\000l\000a\000t\000e\000D\000T\000O\000\040\000C\000l\000a\000s\000s\000\040\000R\000e\000f\000e\000r\000e\000n\000c\000e}{chapter.4}% 44
\BOOKMARK [1][-]{section.4.38}{\376\377\0004\000.\0003\0008\000\040\000a\000n\000k\000i\000c\000p\000p\000:\000:\000T\000e\000m\000p\000l\000a\000t\000e\000R\000e\000p\000o\000s\000i\000t\000o\000r\000y\000\040\000C\000l\000a\000s\000s\000\040\000R\000e\000f\000e\000r\000e\000n\000c\000e}{chapter.4}% 45
\BOOKMARK [1][-]{section.4.39}{\376\377\0004\000.\0003\0009\000\040\000s\000o\000c\000i\000:\000:\000t\000y\000p\000e\000\137\000c\000o\000n\000v\000e\000r\000s\000i\000o\000n\000<\000\040\000a\000n\000k\000i\000c\000p\000p\000:\000:\000C\000a\000r\000d\000D\000T\000O\000\040\000>\000\040\000S\000t\000r\000u\000c\000t\000\040\000R\000e\000f\000e\000r\000e\000n\000c\000e}{chapter.4}% 46
\BOOKMARK [1][-]{section.4.40}{\376\377\0004\000.\0004\0000\000\040\000s\000o\000c\000i\000:\000:\000t\000y\000p\000e\000\137\000c\000o\000n\000v\000e\000r\000s\000i\000o\000n\000<\000\040\000a\000n\000k\000i\000c\000p\000p\000:\000:\000C\000o\000l\000D\000T\000O\000\040\000>\000\040\000S\000t\000r\000u\000c\000t\000\040\000R\000e\000f\000e\000r\000e\000n\000c\000e}{chapter.4}% 47
\BOOKMARK [1][-]{section.4.41}{\376\377\0004\000.\0004\0001\000\040\000s\000o\000c\000i\000:\000:\000t\000y\000p\000e\000\137\000c\000o\000n\000v\000e\000r\000s\000i\000o\000n\000<\000\040\000a\000n\000k\000i\000c\000p\000p\000:\000:\000C\000o\000n\000f\000i\000g\000D\000T\000O\000\040\000>\000\040\000S\000t\000r\000u\000c\000t\000\040\000R\000e\000f\000e\000r\000e\000n\000c\000e}{chapter.4}% 48
\BOOKMARK [1][-]{section.4.42}{\376\377\0004\000.\0004\0002\000\040\000s\000o\000c\000i\000:\000:\000t\000y\000p\000e\000\137\000c\000o\000n\000v\000e\000r\000s\000i\000o\000n\000<\000\040\000a\000n\000k\000i\000c\000p\000p\000:\000:\000D\000e\000c\000k\000C\000o\000n\000f\000i\000g\000D\000T\000O\000\040\000>\000\040\000S\000t\000r\000u\000c\000t\000\040\000R\000e\000f\000e\000r\000e\000n\000c\000e}{chapter.4}% 49
\BOOKMARK [1][-]{section.4.43}{\376\377\0004\000.\0004\0003\000\040\000s\000o\000c\000i\000:\000:\000t\000y\000p\000e\000\137\000c\000o\000n\000v\000e\000r\000s\000i\000o\000n\000<\000\040\000a\000n\000k\000i\000c\000p\000p\000:\000:\000D\000e\000c\000k\000D\000T\000O\000\040\000>\000\040\000S\000t\000r\000u\000c\000t\000\040\000R\000e\000f\000e\000r\000e\000n\000c\000e}{chapter.4}% 50
\BOOKMARK [1][-]{section.4.44}{\376\377\0004\000.\0004\0004\000\040\000s\000o\000c\000i\000:\000:\000t\000y\000p\000e\000\137\000c\000o\000n\000v\000e\000r\000s\000i\000o\000n\000<\000\040\000a\000n\000k\000i\000c\000p\000p\000:\000:\000F\000i\000e\000l\000d\000D\000T\000O\000\040\000>\000\040\000S\000t\000r\000u\000c\000t\000\040\000R\000e\000f\000e\000r\000e\000n\000c\000e}{chapter.4}% 51
\BOOKMARK [1][-]{section.4.45}{\376\377\0004\000.\0004\0005\000\040\000s\000o\000c\000i\000:\000:\000t\000y\000p\000e\000\137\000c\000o\000n\000v\000e\000r\000s\000i\000o\000n\000<\000\040\000a\000n\000k\000i\000c\000p\000p\000:\000:\000N\000o\000t\000e\000D\000T\000O\000\040\000>\000\040\000S\000t\000r\000u\000c\000t\000\040\000R\000e\000f\000e\000r\000e\000n\000c\000e}{chapter.4}% 52
\BOOKMARK [1][-]{section.4.46}{\376\377\0004\000.\0004\0006\000\040\000s\000o\000c\000i\000:\000:\000t\000y\000p\000e\000\137\000c\000o\000n\000v\000e\000r\000s\000i\000o\000n\000<\000\040\000a\000n\000k\000i\000c\000p\000p\000:\000:\000N\000o\000t\000e\000T\000y\000p\000e\000D\000T\000O\000\040\000>\000\040\000S\000t\000r\000u\000c\000t\000\040\000R\000e\000f\000e\000r\000e\000n\000c\000e}{chapter.4}% 53
\BOOKMARK [1][-]{section.4.47}{\376\377\0004\000.\0004\0007\000\040\000s\000o\000c\000i\000:\000:\000t\000y\000p\000e\000\137\000c\000o\000n\000v\000e\000r\000s\000i\000o\000n\000<\000\040\000a\000n\000k\000i\000c\000p\000p\000:\000:\000T\000e\000m\000p\000l\000a\000t\000e\000D\000T\000O\000\040\000>\000\040\000S\000t\000r\000u\000c\000t\000\040\000R\000e\000f\000e\000r\000e\000n\000c\000e}{chapter.4}% 54
\BOOKMARK [0][-]{chapter.5}{\376\377\0005\000\040\000F\000i\000l\000e\000\040\000D\000o\000c\000u\000m\000e\000n\000t\000a\000t\000i\000o\000n}{}% 55
\BOOKMARK [1][-]{section.5.1}{\376\377\0005\000.\0001\000\040\000a\000n\000k\000i\000c\000p\000p\000.\000h}{chapter.5}% 56
\BOOKMARK [1][-]{section.5.2}{\376\377\0005\000.\0002\000\040\000e\000x\000p\000o\000r\000t\000.\000h}{chapter.5}% 57
\BOOKMARK [1][-]{section.5.3}{\376\377\0005\000.\0003\000\040\000c\000a\000r\000d\000-\000d\000t\000o\000.\000h}{chapter.5}% 58
\BOOKMARK [1][-]{section.5.4}{\376\377\0005\000.\0004\000\040\000c\000a\000r\000d\000-\000m\000a\000p\000p\000e\000r\000.\000h}{chapter.5}% 59
\BOOKMARK [1][-]{section.5.5}{\376\377\0005\000.\0005\000\040\000c\000a\000r\000d\000-\000r\000e\000p\000o\000s\000i\000t\000o\000r\000y\000.\000h}{chapter.5}% 60
\BOOKMARK [1][-]{section.5.6}{\376\377\0005\000.\0006\000\040\000c\000a\000r\000d\000.\000h}{chapter.5}% 61
\BOOKMARK [1][-]{section.5.7}{\376\377\0005\000.\0007\000\040\000c\000o\000l\000-\000d\000t\000o\000.\000h}{chapter.5}% 62
\BOOKMARK [1][-]{section.5.8}{\376\377\0005\000.\0008\000\040\000c\000o\000l\000-\000r\000e\000p\000o\000s\000i\000t\000o\000r\000y\000.\000h}{chapter.5}% 63
\BOOKMARK [1][-]{section.5.9}{\376\377\0005\000.\0009\000\040\000c\000o\000l\000.\000h}{chapter.5}% 64
\BOOKMARK [1][-]{section.5.10}{\376\377\0005\000.\0001\0000\000\040\000c\000o\000m\000p\000r\000e\000s\000s\000i\000o\000n\000.\000h}{chapter.5}% 65
\BOOKMARK [1][-]{section.5.11}{\376\377\0005\000.\0001\0001\000\040\000z\000i\000p\000-\000u\000t\000i\000l\000s\000.\000h}{chapter.5}% 66
\BOOKMARK [1][-]{section.5.12}{\376\377\0005\000.\0001\0002\000\040\000z\000s\000t\000d\000-\000u\000t\000i\000l\000s\000.\000h}{chapter.5}% 67
\BOOKMARK [1][-]{section.5.13}{\376\377\0005\000.\0001\0003\000\040\000c\000o\000n\000f\000i\000g\000-\000d\000t\000o\000.\000h}{chapter.5}% 68
\BOOKMARK [1][-]{section.5.14}{\376\377\0005\000.\0001\0004\000\040\000c\000o\000n\000f\000i\000g\000-\000r\000e\000p\000o\000s\000i\000t\000o\000r\000y\000.\000h}{chapter.5}% 69
\BOOKMARK [1][-]{section.5.15}{\376\377\0005\000.\0001\0005\000\040\000c\000o\000n\000f\000i\000g\000.\000h}{chapter.5}% 70
\BOOKMARK [1][-]{section.5.16}{\376\377\0005\000.\0001\0006\000\040\000d\000a\000t\000a\000b\000a\000s\000e\000.\000h}{chapter.5}% 71
\BOOKMARK [1][-]{section.5.17}{\376\377\0005\000.\0001\0007\000\040\000r\000e\000p\000o\000s\000i\000t\000o\000r\000y\000.\000h}{chapter.5}% 72
\BOOKMARK [1][-]{section.5.18}{\376\377\0005\000.\0001\0008\000\040\000d\000e\000c\000k\000-\000c\000o\000n\000f\000i\000g\000-\000d\000t\000o\000.\000h}{chapter.5}% 73
\BOOKMARK [1][-]{section.5.19}{\376\377\0005\000.\0001\0009\000\040\000d\000e\000c\000k\000-\000c\000o\000n\000f\000i\000g\000-\000r\000e\000p\000o\000s\000i\000t\000o\000r\000y\000.\000h}{chapter.5}% 74
\BOOKMARK [1][-]{section.5.20}{\376\377\0005\000.\0002\0000\000\040\000d\000e\000c\000k\000-\000d\000t\000o\000.\000h}{chapter.5}% 75
\BOOKMARK [1][-]{section.5.21}{\376\377\0005\000.\0002\0001\000\040\000d\000e\000c\000k\000-\000m\000a\000p\000p\000e\000r\000.\000h}{chapter.5}% 76
\BOOKMARK [1][-]{section.5.22}{\376\377\0005\000.\0002\0002\000\040\000d\000e\000c\000k\000-\000r\000e\000p\000o\000s\000i\000t\000o\000r\000y\000.\000h}{chapter.5}% 77
\BOOKMARK [1][-]{section.5.23}{\376\377\0005\000.\0002\0003\000\040\000d\000e\000c\000k\000.\000h}{chapter.5}% 78
\BOOKMARK [1][-]{section.5.24}{\376\377\0005\000.\0002\0004\000\040\000f\000i\000e\000l\000d\000-\000d\000t\000o\000.\000h}{chapter.5}% 79
\BOOKMARK [1][-]{section.5.25}{\376\377\0005\000.\0002\0005\000\040\000f\000i\000e\000l\000d\000-\000m\000a\000p\000p\000e\000r\000.\000h}{chapter.5}% 80
\BOOKMARK [1][-]{section.5.26}{\376\377\0005\000.\0002\0006\000\040\000f\000i\000e\000l\000d\000-\000r\000e\000p\000o\000s\000i\000t\000o\000r\000y\000.\000h}{chapter.5}% 81
\BOOKMARK [1][-]{section.5.27}{\376\377\0005\000.\0002\0007\000\040\000f\000i\000e\000l\000d\000.\000h}{chapter.5}% 82
\BOOKMARK [1][-]{section.5.28}{\376\377\0005\000.\0002\0008\000\040\000g\000r\000a\000v\000e\000-\000d\000t\000o\000.\000h}{chapter.5}% 83
\BOOKMARK [1][-]{section.5.29}{\376\377\0005\000.\0002\0009\000\040\000g\000r\000a\000v\000e\000.\000h}{chapter.5}% 84
\BOOKMARK [1][-]{section.5.30}{\376\377\0005\000.\0003\0000\000\040\000n\000o\000t\000e\000-\000d\000t\000o\000.\000h}{chapter.5}% 85
\BOOKMARK [1][-]{section.5.31}{\376\377\0005\000.\0003\0001\000\040\000n\000o\000t\000e\000-\000m\000a\000p\000p\000e\000r\000.\000h}{chapter.5}% 86
\BOOKMARK [1][-]{section.5.32}{\376\377\0005\000.\0003\0002\000\040\000n\000o\000t\000e\000-\000r\000e\000p\000o\000s\000i\000t\000o\000r\000y\000.\000h}{chapter.5}% 87
\BOOKMARK [1][-]{section.5.33}{\376\377\0005\000.\0003\0003\000\040\000n\000o\000t\000e\000-\000t\000y\000p\000e\000-\000d\000t\000o\000.\000h}{chapter.5}% 88
\BOOKMARK [1][-]{section.5.34}{\376\377\0005\000.\0003\0004\000\040\000n\000o\000t\000e\000-\000t\000y\000p\000e\000-\000m\000a\000p\000p\000e\000r\000.\000h}{chapter.5}% 89
\BOOKMARK [1][-]{section.5.35}{\376\377\0005\000.\0003\0005\000\040\000n\000o\000t\000e\000-\000t\000y\000p\000e\000-\000r\000e\000p\000o\000s\000i\000t\000o\000r\000y\000.\000h}{chapter.5}% 90
\BOOKMARK [1][-]{section.5.36}{\376\377\0005\000.\0003\0006\000\040\000n\000o\000t\000e\000-\000t\000y\000p\000e\000.\000h}{chapter.5}% 91
\BOOKMARK [1][-]{section.5.37}{\376\377\0005\000.\0003\0007\000\040\000n\000o\000t\000e\000.\000h}{chapter.5}% 92
\BOOKMARK [1][-]{section.5.38}{\376\377\0005\000.\0003\0008\000\040\000r\000e\000f\000l\000o\000g\000-\000d\000t\000o\000.\000h}{chapter.5}% 93
\BOOKMARK [1][-]{section.5.39}{\376\377\0005\000.\0003\0009\000\040\000r\000e\000f\000l\000o\000g\000.\000h}{chapter.5}% 94
\BOOKMARK [1][-]{section.5.40}{\376\377\0005\000.\0004\0000\000\040\000t\000a\000g\000-\000d\000t\000o\000.\000h}{chapter.5}% 95
\BOOKMARK [1][-]{section.5.41}{\376\377\0005\000.\0004\0001\000\040\000t\000a\000g\000.\000h}{chapter.5}% 96
\BOOKMARK [1][-]{section.5.42}{\376\377\0005\000.\0004\0002\000\040\000t\000e\000m\000p\000l\000a\000t\000e\000-\000d\000t\000o\000.\000h}{chapter.5}% 97
\BOOKMARK [1][-]{section.5.43}{\376\377\0005\000.\0004\0003\000\040\000t\000e\000m\000p\000l\000a\000t\000e\000-\000m\000a\000p\000p\000e\000r\000.\000h}{chapter.5}% 98
\BOOKMARK [1][-]{section.5.44}{\376\377\0005\000.\0004\0004\000\040\000t\000e\000m\000p\000l\000a\000t\000e\000-\000r\000e\000p\000o\000s\000i\000t\000o\000r\000y\000.\000h}{chapter.5}% 99
\BOOKMARK [1][-]{section.5.45}{\376\377\0005\000.\0004\0005\000\040\000t\000e\000m\000p\000l\000a\000t\000e\000.\000h}{chapter.5}% 100
\BOOKMARK [1][-]{section.5.46}{\376\377\0005\000.\0004\0006\000\040\000i\000d\000e\000n\000t\000i\000f\000y\000a\000b\000l\000e\000.\000h}{chapter.5}% 101
\BOOKMARK [1][-]{section.5.47}{\376\377\0005\000.\0004\0007\000\040\000n\000a\000m\000e\000a\000b\000l\000e\000.\000h}{chapter.5}% 102
\BOOKMARK [1][-]{section.5.48}{\376\377\0005\000.\0004\0008\000\040\000t\000i\000m\000e\000.\000h}{chapter.5}% 103
\BOOKMARK [1][-]{section.5.49}{\376\377\0005\000.\0004\0009\000\040\000u\000t\000i\000l\000.\000h}{chapter.5}% 104
\BOOKMARK [0][-]{section*.146}{\376\377\000I\000n\000d\000e\000x}{}% 105
