This is pdfTeX, Version 3.141592653-2.6-1.40.25 (TeX Live 2023/Debian) (preloaded format=pdflatex 2025.2.23)  8 OCT 2026 21:23
entering extended mode
 restricted \write18 enabled.
 %&-line parsing enabled.
**refman
(./refman.tex
LaTeX2e <2023-11-01> patch level 1
L3 programming layer <2024-01-22>
(/usr/share/texlive/texmf-dist/tex/latex/base/book.cls
Document Class: book 2023/05/17 v1.4n Standard LaTeX document class
(/usr/share/texlive/texmf-dist/tex/latex/base/bk10.clo
File: bk10.clo 2023/05/17 v1.4n Standard LaTeX file (size option)
)
\c@part=\count187
\c@chapter=\count188
\c@section=\count189
\c@subsection=\count190
\c@subsubsection=\count191
\c@paragraph=\count192
\c@subparagraph=\count193
\c@figure=\count194
\c@table=\count195
\abovecaptionskip=\skip48
\belowcaptionskip=\skip49
\bibindent=\dimen140
)
(/usr/share/texlive/texmf-dist/tex/latex/base/ifthen.sty
Package: ifthen 2022/04/13 v1.1d Standard LaTeX ifthen package (DPC)
)
(/usr/share/texlive/texmf-dist/tex/latex/tools/array.sty
Rollback for package 'array' requested -> date 2016-10-06.
         Best approximation is the release introduced on 2016-10-06.

(/usr/share/texlive/texmf-dist/tex/latex/tools/array-2016-10-06.sty
Package: array 2016/10/06 v2.4d Tabular extension package (FMi)
\col@sep=\dimen141
\extrarowheight=\dimen142
\NC@list=\toks17
\extratabsurround=\skip50
\backup@length=\skip51
))
(/usr/share/texlive/texmf-dist/tex/generic/infwarerr/infwarerr.sty
package info suppressed
)
(./doxygen.sty
Package: doxygen 
 (/usr/share/texlive/texmf-dist/tex/latex/base/alltt.sty
Package: alltt 2021/01/29 v2.0g defines alltt environment
)
(/usr/share/texlive/texmf-dist/tex/latex/tools/calc.sty
Package: calc 2023/07/08 v4.3 Infix arithmetic (KKT,FJ)
\calc@Acount=\count196
\calc@Bcount=\count197
\calc@Adimen=\dimen143
\calc@Bdimen=\dimen144
\calc@Askip=\skip52
\calc@Bskip=\skip53
LaTeX Info: Redefining \setlength on input line 80.
LaTeX Info: Redefining \addtolength on input line 81.
\calc@Ccount=\count198
\calc@Cskip=\skip54
)
(/usr/share/texlive/texmf-dist/tex/latex/float/float.sty
Package: float 2001/11/08 v1.3d Float enhancements (AL)
\c@float@type=\count199
\float@exts=\toks18
\float@box=\box51
\@float@everytoks=\toks19
\@floatcapt=\box52
)
(/usr/share/texlive/texmf-dist/tex/latex/tools/verbatim.sty
Package: verbatim 2023-11-06 v1.5v LaTeX2e package for verbatim enhancements
\every@verbatim=\toks20
\verbatim@line=\toks21
\verbatim@in@stream=\read2
)
(/usr/share/texlive/texmf-dist/tex/latex/xcolor/xcolor.sty
Package: xcolor 2023/11/15 v3.01 LaTeX color extensions (UK)

(/usr/share/texlive/texmf-dist/tex/latex/graphics-cfg/color.cfg
File: color.cfg 2016/01/02 v1.6 sample color configuration
)
Package xcolor Info: Driver file: pdftex.def on input line 274.

(/usr/share/texlive/texmf-dist/tex/latex/graphics-def/pdftex.def
File: pdftex.def 2022/09/22 v1.2b Graphics/color driver for pdftex
)
(/usr/share/texlive/texmf-dist/tex/latex/graphics/mathcolor.ltx)
Package xcolor Info: Model `cmy' substituted by `cmy0' on input line 1350.
Package xcolor Info: Model `hsb' substituted by `rgb' on input line 1354.
Package xcolor Info: Model `RGB' extended on input line 1366.
Package xcolor Info: Model `HTML' substituted by `rgb' on input line 1368.
Package xcolor Info: Model `Hsb' substituted by `hsb' on input line 1369.
Package xcolor Info: Model `tHsb' substituted by `hsb' on input line 1370.
Package xcolor Info: Model `HSB' substituted by `hsb' on input line 1371.
Package xcolor Info: Model `Gray' substituted by `gray' on input line 1372.
Package xcolor Info: Model `wave' substituted by `hsb' on input line 1373.
)
(/usr/share/texlive/texmf-dist/tex/latex/colortbl/colortbl.sty
Package: colortbl 2022/06/20 v1.0f Color table columns (DPC)
\everycr=\toks22
\minrowclearance=\skip55
\rownum=\count266
)
(./longtable_doxygen.sty
Package: longtable_doxygen 2014/10/28 v4.11 Multi-page Table package (DPC) - fr
ozen version for doxygen
\LTleft=\skip56
\LTright=\skip57
\LTpre=\skip58
\LTpost=\skip59
\LTchunksize=\count267
\LTcapwidth=\dimen145
\LT@head=\box53
\LT@firsthead=\box54
\LT@foot=\box55
\LT@lastfoot=\box56
\LT@cols=\count268
\LT@rows=\count269
\c@LT@tables=\count270
\c@LT@chunks=\count271
\LT@p@ftn=\toks23
) (./tabu_doxygen.sty
Package: tabu_doxygen 2011/02/26 v2.8 - flexible LaTeX tabulars (FC), frozen ve
rsion for doxygen

(/usr/share/texlive/texmf-dist/tex/latex/varwidth/varwidth.sty
Package: varwidth 2009/03/30 ver 0.92;  Variable-width minipages
\@vwid@box=\box57
\sift@deathcycles=\count272
\@vwid@loff=\dimen146
\@vwid@roff=\dimen147
)
\c@taburow=\count273
\tabu@nbcols=\count274
\tabu@cnt=\count275
\tabu@Xcol=\count276
\tabu@alloc=\count277
\tabu@nested=\count278
\tabu@target=\dimen148
\tabu@spreadtarget=\dimen149
\tabu@naturalX=\dimen150
\tabucolX=\dimen151
\tabu@Xsum=\dimen152
\extrarowdepth=\dimen153
\abovetabulinesep=\dimen154
\belowtabulinesep=\dimen155
\tabustrutrule=\dimen156
\tabu@thebody=\toks24
\tabu@footnotes=\toks25
\tabu@box=\box58
\tabu@arstrutbox=\box59
\tabu@hleads=\box60
\tabu@vleads=\box61
\tabu@cellskip=\skip60
)
(/usr/share/texlive/texmf-dist/tex/latex/fancyvrb/fancyvrb.sty
Package: fancyvrb 2024/01/20 4.5c verbatim text (tvz,hv)

(/usr/share/texlive/texmf-dist/tex/latex/graphics/keyval.sty
Package: keyval 2022/05/29 v1.15 key=value parser (DPC)
\KV@toks@=\toks26
)
\FV@CodeLineNo=\count279
\FV@InFile=\read3
\FV@TabBox=\box62
\c@FancyVerbLine=\count280
\FV@StepNumber=\count281
\FV@OutFile=\write3
)
(/usr/share/texlive/texmf-dist/tex/latex/tools/tabularx.sty
Package: tabularx 2023/07/08 v2.11c `tabularx' package (DPC)
\TX@col@width=\dimen157
\TX@old@table=\dimen158
\TX@old@col=\dimen159
\TX@target=\dimen160
\TX@delta=\dimen161
\TX@cols=\count282
\TX@ftn=\toks27
)
(/usr/share/texlive/texmf-dist/tex/latex/tools/multicol.sty
Package: multicol 2023/03/30 v1.9f multicolumn formatting (FMi)
\c@tracingmulticols=\count283
\mult@box=\box63
\multicol@leftmargin=\dimen162
\c@unbalance=\count284
\c@collectmore=\count285
\doublecol@number=\count286
\multicoltolerance=\count287
\multicolpretolerance=\count288
\full@width=\dimen163
\page@free=\dimen164
\premulticols=\dimen165
\postmulticols=\dimen166
\multicolsep=\skip61
\multicolbaselineskip=\skip62
\partial@page=\box64
\last@line=\box65
\mc@boxedresult=\box66
\maxbalancingoverflow=\dimen167
\mult@rightbox=\box67
\mult@grightbox=\box68
\mult@firstbox=\box69
\mult@gfirstbox=\box70
\@tempa=\box71
\@tempa=\box72
\@tempa=\box73
\@tempa=\box74
\@tempa=\box75
\@tempa=\box76
\@tempa=\box77
\@tempa=\box78
\@tempa=\box79
\@tempa=\box80
\@tempa=\box81
\@tempa=\box82
\@tempa=\box83
\@tempa=\box84
\@tempa=\box85
\@tempa=\box86
\@tempa=\box87
\@tempa=\box88
\@tempa=\box89
\@tempa=\box90
\@tempa=\box91
\@tempa=\box92
\@tempa=\box93
\@tempa=\box94
\@tempa=\box95
\@tempa=\box96
\@tempa=\box97
\@tempa=\box98
\@tempa=\box99
\@tempa=\box100
\@tempa=\box101
\@tempa=\box102
\@tempa=\box103
\@tempa=\box104
\@tempa=\box105
\@tempa=\box106
\c@minrows=\count289
\c@columnbadness=\count290
\c@finalcolumnbadness=\count291
\last@try=\dimen168
\multicolovershoot=\dimen169
\multicolundershoot=\dimen170
\mult@nat@firstbox=\box107
\colbreak@box=\box108
\mc@col@check@num=\count292
)
(/usr/share/texlive/texmf-dist/tex/latex/multirow/multirow.sty
Package: multirow 2021/03/15 v2.8 Span multiple rows of a table
\multirow@colwidth=\skip63
\multirow@cntb=\count293
\multirow@dima=\skip64
\bigstrutjot=\dimen171
)
(/usr/share/texlive/texmf-dist/tex/latex/hanging/hanging.sty
Package: hanging 2009/09/02 v1.2b hanging paragraphs and punctuation
\h@ngcommawd=\skip65
\h@ngfstopwd=\skip66
\h@ngquotewd=\skip67
\h@ngdquotewd=\skip68
\h@ngquerywd=\skip69
\h@ngexclwd=\skip70
\h@ngcolonwd=\skip71
\h@ngscolonwd=\skip72
)
(/usr/share/texlive/texmf-dist/tex/generic/iftex/ifpdf.sty
Package: ifpdf 2019/10/25 v3.4 ifpdf legacy package. Use iftex instead.

(/usr/share/texlive/texmf-dist/tex/generic/iftex/iftex.sty
Package: iftex 2022/02/03 v1.0f TeX engine tests
))
(/usr/share/texlive/texmf-dist/tex/latex/adjustbox/adjustbox.sty
Package: adjustbox 2022/10/17 v1.3a Adjusting TeX boxes (trim, clip, ...)

(/usr/share/texlive/texmf-dist/tex/latex/xkeyval/xkeyval.sty
Package: xkeyval 2022/06/16 v2.9 package option processing (HA)

(/usr/share/texlive/texmf-dist/tex/generic/xkeyval/xkeyval.tex
(/usr/share/texlive/texmf-dist/tex/generic/xkeyval/xkvutils.tex
\XKV@toks=\toks28
\XKV@tempa@toks=\toks29
)
\XKV@depth=\count294
File: xkeyval.tex 2014/12/03 v2.7a key=value parser (HA)
))
(/usr/share/texlive/texmf-dist/tex/latex/adjustbox/adjcalc.sty
Package: adjcalc 2012/05/16 v1.1 Provides advanced setlength with multiple back
-ends (calc, etex, pgfmath)
)
(/usr/share/texlive/texmf-dist/tex/latex/adjustbox/trimclip.sty
Package: trimclip 2020/08/19 v1.2 Trim and clip general TeX material

(/usr/share/texlive/texmf-dist/tex/latex/graphics/graphicx.sty
Package: graphicx 2021/09/16 v1.2d Enhanced LaTeX Graphics (DPC,SPQR)

(/usr/share/texlive/texmf-dist/tex/latex/graphics/graphics.sty
Package: graphics 2022/03/10 v1.4e Standard LaTeX Graphics (DPC,SPQR)

(/usr/share/texlive/texmf-dist/tex/latex/graphics/trig.sty
Package: trig 2021/08/11 v1.11 sin cos tan (DPC)
)
(/usr/share/texlive/texmf-dist/tex/latex/graphics-cfg/graphics.cfg
File: graphics.cfg 2016/06/04 v1.11 sample graphics configuration
)
Package graphics Info: Driver file: pdftex.def on input line 107.
)
\Gin@req@height=\dimen172
\Gin@req@width=\dimen173
)
(/usr/share/texlive/texmf-dist/tex/latex/collectbox/collectbox.sty
Package: collectbox 2022/10/17 v0.4c Collect macro arguments as boxes
\collectedbox=\box109
)
\tc@llx=\dimen174
\tc@lly=\dimen175
\tc@urx=\dimen176
\tc@ury=\dimen177
Package trimclip Info: Using driver 'tc-pdftex.def'.

(/usr/share/texlive/texmf-dist/tex/latex/adjustbox/tc-pdftex.def
File: tc-pdftex.def 2019/01/04 v2.2 Clipping driver for pdftex
))
\adjbox@Width=\dimen178
\adjbox@Height=\dimen179
\adjbox@Depth=\dimen180
\adjbox@Totalheight=\dimen181
\adjbox@pwidth=\dimen182
\adjbox@pheight=\dimen183
\adjbox@pdepth=\dimen184
\adjbox@ptotalheight=\dimen185

(/usr/share/texlive/texmf-dist/tex/latex/ifoddpage/ifoddpage.sty
Package: ifoddpage 2022/10/18 v1.2 Conditionals for odd/even page detection
\c@checkoddpage=\count295
))
(/usr/share/texlive/texmf-dist/tex/latex/amsfonts/amssymb.sty
Package: amssymb 2013/01/14 v3.01 AMS font symbols

(/usr/share/texlive/texmf-dist/tex/latex/amsfonts/amsfonts.sty
Package: amsfonts 2013/01/14 v3.01 Basic AMSFonts support
\@emptytoks=\toks30
\symAMSa=\mathgroup4
\symAMSb=\mathgroup5
LaTeX Font Info:    Redeclaring math symbol \hbar on input line 98.
LaTeX Font Info:    Overwriting math alphabet `\mathfrak' in version `bold'
(Font)                  U/euf/m/n --> U/euf/b/n on input line 106.
))
(/usr/share/texlive/texmf-dist/tex/latex/stackengine/stackengine.sty
Package: stackengine 2021/07/22 v4.11\ Stacking text and objects in convenient 
ways

(/usr/share/texlive/texmf-dist/tex/latex/etoolbox/etoolbox.sty
Package: etoolbox 2020/10/05 v2.5k e-TeX tools for LaTeX (JAW)
\etb@tempcnta=\count296
)
(/usr/share/texlive/texmf-dist/tex/generic/listofitems/listofitems.sty
(/usr/share/texlive/texmf-dist/tex/generic/listofitems/listofitems.tex
\loi_cnt_foreach_nest=\count297
\loi_nestcnt=\count298
)
Package: listofitems 2019/08/21 v1.63 Grab items in lists using user-specified 
sep char (CT)
)
\c@@stackindex=\count299
\@boxshift=\skip73
\stack@tmplength=\skip74
\temp@stkl=\skip75
\@stackedboxwidth=\skip76
\@addedbox=\box110
\@anchorbox=\box111
\@insetbox=\box112
\se@backgroundbox=\box113
\stackedbox=\box114
\@centerbox=\box115
\c@ROWcellindex@=\count300
)
(/usr/share/texlive/texmf-dist/tex/latex/enumitem/enumitem.sty
Package: enumitem 2019/06/20 v3.9 Customized lists
\labelindent=\skip77
\enit@outerparindent=\dimen186
\enit@toks=\toks31
\enit@inbox=\box116
\enit@count@id=\count301
\enitdp@description=\count302
)
(/usr/share/texlive/texmf-dist/tex/generic/alphalph/alphalph.sty
Package: alphalph 2019/12/09 v2.6 Convert numbers to letters (HO)

(/usr/share/texlive/texmf-dist/tex/generic/intcalc/intcalc.sty
Package: intcalc 2019/12/15 v1.3 Expandable calculations with integers (HO)
))
(/usr/share/texlive/texmf-dist/tex/generic/ulem/ulem.sty
\UL@box=\box117
\UL@hyphenbox=\box118
\UL@skip=\skip78
\UL@hook=\toks32
\UL@height=\dimen187
\UL@pe=\count303
\UL@pixel=\dimen188
\ULC@box=\box119
Package: ulem 2019/11/18
\ULdepth=\dimen189
)
\xrefbox=\box120
\xreflength=\skip79
\CodeWidthChar=\skip80
\CodeHeightChar=\skip81
\DoxyCodeWidth=\skip82
\c@DoxyEnumeratei=\count304
\c@DoxyEnumerateii=\count305
\c@DoxyEnumerateiii=\count306
\c@DoxyEnumerateiv=\count307
\c@DoxyEnumeratev=\count308
\c@DoxyEnumeratevi=\count309
\c@DoxyEnumeratevii=\count310
\c@DoxyEnumerateviii=\count311
\c@DoxyEnumerateix=\count312
\c@DoxyEnumeratex=\count313
\c@DoxyEnumeratexi=\count314
\c@DoxyEnumeratexii=\count315
\enitdp@DoxyEnumerate=\count316
\enitdp@DoxyItemize=\count317
\c@subsubsubsection=\count318
\c@subsubsubsubsection=\count319
\c@subsubsubsubsubsection=\count320
\c@subsubsubsubsubsubsection=\count321
)
(/usr/share/texlive/texmf-dist/tex/latex/base/inputenc.sty
Package: inputenc 2021/02/14 v1.3d Input encoding file
\inpenc@prehook=\toks33
\inpenc@posthook=\toks34
)
(/usr/share/texlive/texmf-dist/tex/latex/base/makeidx.sty
Package: makeidx 2021/10/04 v1.0m Standard LaTeX package
)
(/usr/share/texlive/texmf-dist/tex/latex/base/textcomp.sty
Package: textcomp 2020/02/02 v2.0n Standard LaTeX package
)
(/usr/share/texlive/texmf-dist/tex/latex/wasysym/wasysym.sty
Package: wasysym 2020/01/19 v2.4 Wasy-2 symbol support package
\symwasy=\mathgroup6
LaTeX Font Info:    Overwriting symbol font `wasy' in version `bold'
(Font)                  U/wasy/m/n --> U/wasy/b/n on input line 93.
)
(/usr/share/texlive/texmf-dist/tex/generic/iftex/ifxetex.sty
Package: ifxetex 2019/10/25 v0.7 ifxetex legacy package. Use iftex instead.
)
(/usr/share/texlive/texmf-dist/tex/latex/base/fontenc.sty
Package: fontenc 2021/04/29 v2.0v Standard LaTeX package
)
(/usr/share/texlive/texmf-dist/tex/latex/psnfss/helvet.sty
Package: helvet 2020/03/25 PSNFSS-v9.3 (WaS) 
)
(/usr/share/texlive/texmf-dist/tex/latex/psnfss/courier.sty
Package: courier 2020/03/25 PSNFSS-v9.3 (WaS) 
)
(/usr/share/texlive/texmf-dist/tex/latex/geometry/geometry.sty
Package: geometry 2020/01/02 v5.9 Page Geometry

(/usr/share/texlive/texmf-dist/tex/generic/iftex/ifvtex.sty
Package: ifvtex 2019/10/25 v1.7 ifvtex legacy package. Use iftex instead.
)
\Gm@cnth=\count322
\Gm@cntv=\count323
\c@Gm@tempcnt=\count324
\Gm@bindingoffset=\dimen190
\Gm@wd@mp=\dimen191
\Gm@odd@mp=\dimen192
\Gm@even@mp=\dimen193
\Gm@layoutwidth=\dimen194
\Gm@layoutheight=\dimen195
\Gm@layouthoffset=\dimen196
\Gm@layoutvoffset=\dimen197
\Gm@dimlist=\toks35
)
(/usr/share/texlive/texmf-dist/tex/latex/changepage/changepage.sty
Package: changepage 2009/10/20 v1.0c check page and change page layout
\c@cp@cntr=\count325
\cp@tempcnt=\count326
LaTeX Info: Redefining \checkoddpage on input line 59.
)
(/usr/share/texlive/texmf-dist/tex/latex/fancyhdr/fancyhdr.sty
Package: fancyhdr 2022/11/09 v4.1 Extensive control of page headers and footers

\f@nch@headwidth=\skip83
\f@nch@O@elh=\skip84
\f@nch@O@erh=\skip85
\f@nch@O@olh=\skip86
\f@nch@O@orh=\skip87
\f@nch@O@elf=\skip88
\f@nch@O@erf=\skip89
\f@nch@O@olf=\skip90
\f@nch@O@orf=\skip91
)
(/usr/share/texlive/texmf-dist/tex/latex/natbib/natbib.sty
Package: natbib 2010/09/13 8.31b (PWD, AO)
\bibhang=\skip92
\bibsep=\skip93
LaTeX Info: Redefining \cite on input line 694.
\c@NAT@ctr=\count327
)
(/usr/share/texlive/texmf-dist/tex/latex/tocloft/tocloft.sty
Package: tocloft 2017/08/31 v2.3i parameterised ToC, etc., typesetting
Package tocloft Info: The document has chapter divisions on input line 51.
\cftparskip=\skip94
\cftbeforetoctitleskip=\skip95
\cftaftertoctitleskip=\skip96
\cftbeforepartskip=\skip97
\cftpartnumwidth=\skip98
\cftpartindent=\skip99
\cftbeforechapskip=\skip100
\cftchapindent=\skip101
\cftchapnumwidth=\skip102
\cftbeforesecskip=\skip103
\cftsecindent=\skip104
\cftsecnumwidth=\skip105
\cftbeforesubsecskip=\skip106
\cftsubsecindent=\skip107
\cftsubsecnumwidth=\skip108
\cftbeforesubsubsecskip=\skip109
\cftsubsubsecindent=\skip110
\cftsubsubsecnumwidth=\skip111
\cftbeforeparaskip=\skip112
\cftparaindent=\skip113
\cftparanumwidth=\skip114
\cftbeforesubparaskip=\skip115
\cftsubparaindent=\skip116
\cftsubparanumwidth=\skip117
\cftbeforeloftitleskip=\skip118
\cftafterloftitleskip=\skip119
\cftbeforefigskip=\skip120
\cftfigindent=\skip121
\cftfignumwidth=\skip122
\c@lofdepth=\count328
\c@lotdepth=\count329
\cftbeforelottitleskip=\skip123
\cftafterlottitleskip=\skip124
\cftbeforetabskip=\skip125
\cfttabindent=\skip126
\cfttabnumwidth=\skip127
)
\@indexfile=\write4
\openout4 = `refman.idx'.


Writing index file refman.idx
(/usr/share/texlive/texmf-dist/tex/latex/newunicodechar/newunicodechar.sty
Package: newunicodechar 2018/04/08 v1.2 Defining Unicode characters
)
(/usr/share/texlive/texmf-dist/tex/latex/hyperref/hyperref.sty
Package: hyperref 2024-01-20 v7.01h Hypertext links for LaTeX

(/usr/share/texlive/texmf-dist/tex/latex/kvsetkeys/kvsetkeys.sty
Package: kvsetkeys 2022-10-05 v1.19 Key value parser (HO)
)
(/usr/share/texlive/texmf-dist/tex/generic/kvdefinekeys/kvdefinekeys.sty
Package: kvdefinekeys 2019-12-19 v1.6 Define keys (HO)
)
(/usr/share/texlive/texmf-dist/tex/generic/pdfescape/pdfescape.sty
Package: pdfescape 2019/12/09 v1.15 Implements pdfTeX's escape features (HO)

(/usr/share/texlive/texmf-dist/tex/generic/ltxcmds/ltxcmds.sty
Package: ltxcmds 2023-12-04 v1.26 LaTeX kernel commands for general use (HO)
)
(/usr/share/texlive/texmf-dist/tex/generic/pdftexcmds/pdftexcmds.sty
Package: pdftexcmds 2020-06-27 v0.33 Utility functions of pdfTeX for LuaTeX (HO
)
Package pdftexcmds Info: \pdf@primitive is available.
Package pdftexcmds Info: \pdf@ifprimitive is available.
Package pdftexcmds Info: \pdfdraftmode found.
))
(/usr/share/texlive/texmf-dist/tex/latex/hycolor/hycolor.sty
Package: hycolor 2020-01-27 v1.10 Color options for hyperref/bookmark (HO)
)
(/usr/share/texlive/texmf-dist/tex/latex/auxhook/auxhook.sty
Package: auxhook 2019-12-17 v1.6 Hooks for auxiliary files (HO)
)
(/usr/share/texlive/texmf-dist/tex/latex/hyperref/nameref.sty
Package: nameref 2023-11-26 v2.56 Cross-referencing by name of section

(/usr/share/texlive/texmf-dist/tex/latex/refcount/refcount.sty
Package: refcount 2019/12/15 v3.6 Data extraction from label references (HO)
)
(/usr/share/texlive/texmf-dist/tex/generic/gettitlestring/gettitlestring.sty
Package: gettitlestring 2019/12/15 v1.6 Cleanup title references (HO)

(/usr/share/texlive/texmf-dist/tex/latex/kvoptions/kvoptions.sty
Package: kvoptions 2022-06-15 v3.15 Key value format for package options (HO)
))
\c@section@level=\count330
)
\@linkdim=\dimen198
\Hy@linkcounter=\count331
\Hy@pagecounter=\count332

(/usr/share/texlive/texmf-dist/tex/latex/hyperref/pd1enc.def
File: pd1enc.def 2024-01-20 v7.01h Hyperref: PDFDocEncoding definition (HO)
Now handling font encoding PD1 ...
... no UTF-8 mapping file for font encoding PD1
)
\Hy@SavedSpaceFactor=\count333

(/usr/share/texlive/texmf-dist/tex/latex/hyperref/puenc.def
File: puenc.def 2024-01-20 v7.01h Hyperref: PDF Unicode definition (HO)
Now handling font encoding PU ...
... no UTF-8 mapping file for font encoding PU
)
Package hyperref Info: Hyper figures OFF on input line 4179.
Package hyperref Info: Link nesting OFF on input line 4184.
Package hyperref Info: Hyper index ON on input line 4187.
Package hyperref Info: Plain pages OFF on input line 4194.
Package hyperref Info: Backreferencing ON on input line 4197.
Package hyperref Info: Implicit mode ON; LaTeX internals redefined.
Package hyperref Info: Bookmarks ON on input line 4446.

(/usr/share/texlive/texmf-dist/tex/latex/hyperref/backref.sty
Package: backref 2023-11-26 v1.44 Bibliographical back referencing

(/usr/share/texlive/texmf-dist/tex/latex/rerunfilecheck/rerunfilecheck.sty
Package: rerunfilecheck 2022-07-10 v1.10 Rerun checks for auxiliary files (HO)

(/usr/share/texlive/texmf-dist/tex/latex/base/atveryend-ltx.sty
Package: atveryend-ltx 2020/08/19 v1.0a Emulation of the original atveryend pac
kage
with kernel methods
)
(/usr/share/texlive/texmf-dist/tex/generic/uniquecounter/uniquecounter.sty
Package: uniquecounter 2019/12/15 v1.4 Provide unlimited unique counter (HO)

(/usr/share/texlive/texmf-dist/tex/generic/bigintcalc/bigintcalc.sty
Package: bigintcalc 2019/12/15 v1.5 Expandable calculations on big integers (HO
)
))
Package uniquecounter Info: New unique counter `rerunfilecheck' on input line 2
85.
))
\c@Hy@tempcnt=\count334

(/usr/share/texlive/texmf-dist/tex/latex/url/url.sty
\Urlmuskip=\muskip16
Package: url 2013/09/16  ver 3.4  Verb mode for urls, etc.
)
LaTeX Info: Redefining \url on input line 4784.
\XeTeXLinkMargin=\dimen199

(/usr/share/texlive/texmf-dist/tex/generic/bitset/bitset.sty
Package: bitset 2019/12/09 v1.3 Handle bit-vector datatype (HO)
)
\Fld@menulength=\count335
\Field@Width=\dimen256
\Fld@charsize=\dimen257
Package hyperref Info: Hyper figures OFF on input line 6063.
Package hyperref Info: Link nesting OFF on input line 6068.
Package hyperref Info: Hyper index ON on input line 6071.
Package hyperref Info: backreferencing ON on input line 6076.
Package hyperref Info: Link coloring OFF on input line 6083.
Package hyperref Info: Link coloring with OCG OFF on input line 6088.
Package hyperref Info: PDF/A mode OFF on input line 6093.

(/usr/share/texlive/texmf-dist/tex/latex/base/atbegshi-ltx.sty
Package: atbegshi-ltx 2021/01/10 v1.0c Emulation of the original atbegshi
package with kernel methods
)
\Hy@abspage=\count336
\c@Item=\count337
\c@Hfootnote=\count338
)
Package hyperref Info: Driver: hpdftex.

(/usr/share/texlive/texmf-dist/tex/latex/hyperref/hpdftex.def
File: hpdftex.def 2024-01-20 v7.01h Hyperref driver for pdfTeX
\Fld@listcount=\count339
\c@bookmark@seq@number=\count340
\Hy@SectionHShift=\skip128
)
Package hyperref Info: Option `colorlinks' set `true' on input line 161.
Package hyperref Info: Option `unicode' set `true' on input line 161.

(/usr/share/texlive/texmf-dist/tex/latex/caption/caption.sty
Package: caption 2023/08/05 v3.6o Customizing captions (AR)

(/usr/share/texlive/texmf-dist/tex/latex/caption/caption3.sty
Package: caption3 2023/07/31 v2.4d caption3 kernel (AR)
\caption@tempdima=\dimen258
\captionmargin=\dimen259
\caption@leftmargin=\dimen260
\caption@rightmargin=\dimen261
\caption@width=\dimen262
\caption@indent=\dimen263
\caption@parindent=\dimen264
\caption@hangindent=\dimen265
Package caption Info: Standard document class detected.
)
\c@caption@flags=\count341
\c@continuedfloat=\count342
Package caption Info: changepage package is loaded.
\caption@adjustwidth@hsize=\dimen266
\caption@adjustwidth@linewidth=\dimen267
Package caption Info: float package is loaded.
Package caption Info: hyperref package is loaded.
Package caption Info: longtable package is loaded.

(/usr/share/texlive/texmf-dist/tex/latex/caption/ltcaption.sty
Package: ltcaption 2021/01/08 v1.4c longtable captions (AR)
))
(/usr/share/texlive/texmf-dist/tex/latex/etoc/etoc.sty
Package: etoc 2023/10/29 v1.2d Completely customisable TOCs (JFB)
\Etoc@toctoks=\toks36
\c@etoc@tocid=\count343
\etoc@framed@titlebox=\box121
\etoc@framed@contentsbox=\box122
)
LaTeX Font Info:    Trying to load font information for T1+phv on input line 18
3.

(/usr/share/texlive/texmf-dist/tex/latex/psnfss/t1phv.fd
File: t1phv.fd 2020/03/25 scalable font definitions for T1/phv.
)
LaTeX Font Info:    Font shape `T1/phv/m/n' will be
(Font)              scaled to size 8.99994pt on input line 183.

(/usr/share/texlive/texmf-dist/tex/latex/l3backend/l3backend-pdftex.def
File: l3backend-pdftex.def 2024-01-04 L3 backend support: PDF output (pdfTeX)
\l__color_backend_stack_int=\count344
\l__pdf_internal_box=\box123
)
(./refman.aux)
\openout1 = `refman.aux'.

LaTeX Font Info:    Checking defaults for OML/cmm/m/it on input line 183.
LaTeX Font Info:    ... okay on input line 183.
LaTeX Font Info:    Checking defaults for OMS/cmsy/m/n on input line 183.
LaTeX Font Info:    ... okay on input line 183.
LaTeX Font Info:    Checking defaults for OT1/cmr/m/n on input line 183.
LaTeX Font Info:    ... okay on input line 183.
LaTeX Font Info:    Checking defaults for T1/cmr/m/n on input line 183.
LaTeX Font Info:    ... okay on input line 183.
LaTeX Font Info:    Checking defaults for TS1/cmr/m/n on input line 183.
LaTeX Font Info:    ... okay on input line 183.
LaTeX Font Info:    Checking defaults for OMX/cmex/m/n on input line 183.
LaTeX Font Info:    ... okay on input line 183.
LaTeX Font Info:    Checking defaults for U/cmr/m/n on input line 183.
LaTeX Font Info:    ... okay on input line 183.
LaTeX Font Info:    Checking defaults for PD1/pdf/m/n on input line 183.
LaTeX Font Info:    ... okay on input line 183.
LaTeX Font Info:    Checking defaults for PU/pdf/m/n on input line 183.
LaTeX Font Info:    ... okay on input line 183.

(/usr/share/texlive/texmf-dist/tex/context/base/mkii/supp-pdf.mkii
[Loading MPS to PDF converter (version 2006.09.02).]
\scratchcounter=\count345
\scratchdimen=\dimen268
\scratchbox=\box124
\nofMPsegments=\count346
\nofMParguments=\count347
\everyMPshowfont=\toks37
\MPscratchCnt=\count348
\MPscratchDim=\dimen269
\MPnumerator=\count349
\makeMPintoPDFobject=\count350
\everyMPtoPDFconversion=\toks38
) (/usr/share/texlive/texmf-dist/tex/latex/epstopdf-pkg/epstopdf-base.sty
Package: epstopdf-base 2020-01-24 v2.11 Base part for package epstopdf
Package epstopdf-base Info: Redefining graphics rule for `.eps' on input line 4
85.

(/usr/share/texlive/texmf-dist/tex/latex/latexconfig/epstopdf-sys.cfg
File: epstopdf-sys.cfg 2010/07/13 v1.3 Configuration of (r)epstopdf for TeX Liv
e
))
*geometry* driver: auto-detecting
*geometry* detected driver: pdftex
*geometry* verbose mode - [ preamble ] result:
* driver: pdftex
* paper: a4paper
* layout: <same size as paper>
* layoutoffset:(h,v)=(0.0pt,0.0pt)
* modes: twoside 
* h-part:(L,W,R)=(71.13188pt, 455.24411pt, 71.13188pt)
* v-part:(T,H,B)=(71.13188pt, 702.78308pt, 71.13188pt)
* \paperwidth=597.50787pt
* \paperheight=845.04684pt
* \textwidth=455.24411pt
* \textheight=702.78308pt
* \oddsidemargin=-1.1381pt
* \evensidemargin=-1.1381pt
* \topmargin=-31.2056pt
* \headheight=12.0pt
* \headsep=18.06749pt
* \topskip=10.0pt
* \footskip=25.29494pt
* \marginparwidth=125.0pt
* \marginparsep=7.0pt
* \columnsep=10.0pt
* \skip\footins=9.0pt plus 4.0pt minus 2.0pt
* \hoffset=0.0pt
* \voffset=0.0pt
* \mag=1000
* \@twocolumnfalse
* \@twosidetrue
* \@mparswitchtrue
* \@reversemarginfalse
* (1in=72.27pt=25.4mm, 1cm=28.453pt)

Package backref Info: ** backref set up for natbib ** on input line 183.
Package hyperref Info: Link coloring ON on input line 183.
(./refman.out) (./refman.out)
\@outlinefile=\write5
\openout5 = `refman.out'.

Package caption Info: Begin \AtBeginDocument code.
Package caption Info: End \AtBeginDocument code.
\Etoc@tf=\read4
Package hyperref Info: Option `pageanchor' set `false' on input line 191.
Package hyperref Info: Option `bookmarksnumbered' set `true' on input line 191.

Package hyperref Info: Option `unicode' set `true' on input line 191.
LaTeX Font Info:    Font shape `T1/phv/m/n' will be
(Font)              scaled to size 12.9599pt on input line 196.
LaTeX Font Info:    Font shape `T1/phv/m/n' will be
(Font)              scaled to size 10.79993pt on input line 198.
 [1


{/var/lib/texmf/fonts/map/pdftex/updmap/pdftex.map}{/usr/share/texlive/texmf-di
st/fonts/enc/dvips/base/8r.enc}] [2

]
\tf@toc=\write6
\openout6 = `refman.toc'.

LaTeX Font Info:    Font shape `T1/phv/b/n' will be
(Font)              scaled to size 8.99994pt on input line 204.
LaTeX Font Info:    Trying to load font information for U+msa on input line 204
.

(/usr/share/texlive/texmf-dist/tex/latex/amsfonts/umsa.fd
File: umsa.fd 2013/01/14 v3.01 AMS symbols A
)
LaTeX Font Info:    Trying to load font information for U+msb on input line 204
.

(/usr/share/texlive/texmf-dist/tex/latex/amsfonts/umsb.fd
File: umsb.fd 2013/01/14 v3.01 AMS symbols B
)
LaTeX Font Info:    Trying to load font information for U+wasy on input line 20
4.

(/usr/share/texlive/texmf-dist/tex/latex/wasysym/uwasy.fd
File: uwasy.fd 2020/01/19 v2.4 Wasy-2 symbol font definitions
)
LaTeX Font Info:    Font shape `T1/phv/m/n' will be
(Font)              scaled to size 6.29996pt on input line 204.
LaTeX Font Info:    Font shape `T1/phv/b/n' will be
(Font)              scaled to size 6.29996pt on input line 204.
 [1] [2] [3] [4

]
Package hyperref Info: Option `pageanchor' set `true' on input line 207.

Chapter 1.
LaTeX Font Info:    Font shape `T1/phv/m/n' will be
(Font)              scaled to size 18.66588pt on input line 209.
LaTeX Font Info:    Font shape `T1/phv/b/n' will be
(Font)              scaled to size 18.66588pt on input line 209.
LaTeX Font Info:    Font shape `T1/phv/b/n' will be
(Font)              scaled to size 22.39185pt on input line 209.
(./hierarchy.tex
LaTeX Font Info:    Font shape `T1/phv/b/n' will be
(Font)              scaled to size 12.9599pt on input line 1.
 [1

]) [2]
Chapter 2.
(./annotated.tex [3

]) [4]
Chapter 3.
(./files.tex [5

]) [6]
Chapter 4.
(./classankicpp_1_1Card.tex <./classankicpp_1_1Card__inherit__graph.pdf>
<classankicpp_1_1Card__inherit__graph.pdf, id=922, 199.74625pt x 154.5775pt>
File: classankicpp_1_1Card__inherit__graph.pdf Graphic file (type pdf)
<use classankicpp_1_1Card__inherit__graph.pdf>
Package pdftex.def Info: classankicpp_1_1Card__inherit__graph.pdf  used on inpu
t line 10.
(pdftex.def)             Requested size: 199.0pt x 154.00865pt.
 <./classankicpp_1_1Card__coll__graph.pdf>
<classankicpp_1_1Card__coll__graph.pdf, id=931, 199.74625pt x 154.5775pt>
File: classankicpp_1_1Card__coll__graph.pdf Graphic file (type pdf)
<use classankicpp_1_1Card__coll__graph.pdf>
Package pdftex.def Info: classankicpp_1_1Card__coll__graph.pdf  used on input l
ine 20.
(pdftex.def)             Requested size: 199.0pt x 154.00865pt.
LaTeX Font Info:    Trying to load font information for TS1+phv on input line 2
6.

(/usr/share/texlive/texmf-dist/tex/latex/psnfss/ts1phv.fd
File: ts1phv.fd 2020/03/25 scalable font definitions for TS1/phv.
)
LaTeX Font Info:    Font shape `TS1/phv/m/n' will be
(Font)              scaled to size 8.99994pt on input line 26.
 [7

]
LaTeX Font Info:    Font shape `T1/phv/b/n' will be
(Font)              scaled to size 10.79993pt on input line 44.
)
(./classankicpp_1_1CardDTO.tex) (./classankicpp_1_1CardRepository.tex <./classa
nkicpp_1_1CardRepository__inherit__graph.pdf>
<classankicpp_1_1CardRepository__inherit__graph.pdf, id=959, 223.83624pt x 165.
61874pt>
File: classankicpp_1_1CardRepository__inherit__graph.pdf Graphic file (type pdf
)
<use classankicpp_1_1CardRepository__inherit__graph.pdf>
Package pdftex.def Info: classankicpp_1_1CardRepository__inherit__graph.pdf  us
ed on input line 10.
(pdftex.def)             Requested size: 223.0pt x 165.00423pt.
 [8] <./classankicpp_1_1CardRepository__coll__graph.pdf>
<classankicpp_1_1CardRepository__coll__graph.pdf, id=1001, 223.83624pt x 165.61
874pt>
File: classankicpp_1_1CardRepository__coll__graph.pdf Graphic file (type pdf)
<use classankicpp_1_1CardRepository__coll__graph.pdf>
Package pdftex.def Info: classankicpp_1_1CardRepository__coll__graph.pdf  used 
on input line 20.
(pdftex.def)             Requested size: 223.0pt x 165.00423pt.
) (./classankicpp_1_1ColDTO.tex [9])
(./classankicpp_1_1ColRepository.tex <./classankicpp_1_1ColRepository__inherit_
_graph.pdf>
<classankicpp_1_1ColRepository__inherit__graph.pdf, id=1026, 217.81375pt x 165.
61874pt>
File: classankicpp_1_1ColRepository__inherit__graph.pdf Graphic file (type pdf)

<use classankicpp_1_1ColRepository__inherit__graph.pdf>
Package pdftex.def Info: classankicpp_1_1ColRepository__inherit__graph.pdf  use
d on input line 10.
(pdftex.def)             Requested size: 217.0pt x 164.99918pt.
 <./classankicpp_1_1ColRepository__coll__graph.pdf>
<classankicpp_1_1ColRepository__coll__graph.pdf, id=1034, 217.81375pt x 165.618
74pt>
File: classankicpp_1_1ColRepository__coll__graph.pdf Graphic file (type pdf)
<use classankicpp_1_1ColRepository__coll__graph.pdf>
Package pdftex.def Info: classankicpp_1_1ColRepository__coll__graph.pdf  used o
n input line 20.
(pdftex.def)             Requested size: 217.0pt x 164.99918pt.
 [10])
(./classankicpp_1_1ConfigDTO.tex) (./classankicpp_1_1ConfigRepository.tex <./cl
assankicpp_1_1ConfigRepository__inherit__graph.pdf>
<classankicpp_1_1ConfigRepository__inherit__graph.pdf, id=1072, 232.87pt x 165.
61874pt>
File: classankicpp_1_1ConfigRepository__inherit__graph.pdf Graphic file (type p
df)
<use classankicpp_1_1ConfigRepository__inherit__graph.pdf>
Package pdftex.def Info: classankicpp_1_1ConfigRepository__inherit__graph.pdf  
used on input line 10.
(pdftex.def)             Requested size: 232.0pt x 165.00676pt.
 [11] <./classankicpp_1_1ConfigRepository__coll__graph.pdf>
<classankicpp_1_1ConfigRepository__coll__graph.pdf, id=1102, 232.87pt x 165.618
74pt>
File: classankicpp_1_1ConfigRepository__coll__graph.pdf Graphic file (type pdf)

<use classankicpp_1_1ConfigRepository__coll__graph.pdf>
Package pdftex.def Info: classankicpp_1_1ConfigRepository__coll__graph.pdf  use
d on input line 20.
(pdftex.def)             Requested size: 232.0pt x 165.00676pt.
) (./classankicpp_1_1Deck.tex <./classankicpp_1_1Deck__inherit__graph.pdf>
<classankicpp_1_1Deck__inherit__graph.pdf, id=1123, 329.23pt x 154.5775pt>
File: classankicpp_1_1Deck__inherit__graph.pdf Graphic file (type pdf)
<use classankicpp_1_1Deck__inherit__graph.pdf>
Package pdftex.def Info: classankicpp_1_1Deck__inherit__graph.pdf  used on inpu
t line 10.
(pdftex.def)             Requested size: 328.0pt x 154.00394pt.
 [12] <./classankicpp_1_1Deck__coll__graph.pdf>
<classankicpp_1_1Deck__coll__graph.pdf, id=1140, 329.23pt x 154.5775pt>
File: classankicpp_1_1Deck__coll__graph.pdf Graphic file (type pdf)
<use classankicpp_1_1Deck__coll__graph.pdf>
Package pdftex.def Info: classankicpp_1_1Deck__coll__graph.pdf  used on input l
ine 20.
(pdftex.def)             Requested size: 328.0pt x 154.00394pt.

[13]) (./classankicpp_1_1DeckConfigDTO.tex)
(./classankicpp_1_1DeckConfigRepository.tex <./classankicpp_1_1DeckConfigReposi
tory__inherit__graph.pdf>
<classankicpp_1_1DeckConfigRepository__inherit__graph.pdf, id=1183, 249.93375pt
 x 176.66pt>
File: classankicpp_1_1DeckConfigRepository__inherit__graph.pdf Graphic file (ty
pe pdf)
<use classankicpp_1_1DeckConfigRepository__inherit__graph.pdf>
Package pdftex.def Info: classankicpp_1_1DeckConfigRepository__inherit__graph.p
df  used on input line 10.
(pdftex.def)             Requested size: 249.0pt x 176.00722pt.
 [14] <./classankicpp_1_1DeckConfigRepository__coll__graph.pdf>
<classankicpp_1_1DeckConfigRepository__coll__graph.pdf, id=1215, 249.93375pt x 
176.66pt>
File: classankicpp_1_1DeckConfigRepository__coll__graph.pdf Graphic file (type 
pdf)
<use classankicpp_1_1DeckConfigRepository__coll__graph.pdf>
Package pdftex.def Info: classankicpp_1_1DeckConfigRepository__coll__graph.pdf 
 used on input line 20.
(pdftex.def)             Requested size: 249.0pt x 176.00722pt.
) (./classankicpp_1_1DeckDTO.tex [15])
(./classankicpp_1_1DeckRepository.tex <./classankicpp_1_1DeckRepository__inheri
t__graph.pdf>
<classankicpp_1_1DeckRepository__inherit__graph.pdf, id=1246, 226.8475pt x 165.
61874pt>
File: classankicpp_1_1DeckRepository__inherit__graph.pdf Graphic file (type pdf
)
<use classankicpp_1_1DeckRepository__inherit__graph.pdf>
Package pdftex.def Info: classankicpp_1_1DeckRepository__inherit__graph.pdf  us
ed on input line 10.
(pdftex.def)             Requested size: 226.0pt x 165.00171pt.
 <./classankicpp_1_1DeckRepository__coll__graph.pdf>
<classankicpp_1_1DeckRepository__coll__graph.pdf, id=1254, 226.8475pt x 165.618
74pt>
File: classankicpp_1_1DeckRepository__coll__graph.pdf Graphic file (type pdf)
<use classankicpp_1_1DeckRepository__coll__graph.pdf>
Package pdftex.def Info: classankicpp_1_1DeckRepository__coll__graph.pdf  used 
on input line 20.
(pdftex.def)             Requested size: 226.0pt x 165.00171pt.
 [16])
(./classankicpp_1_1Field.tex <./classankicpp_1_1Field__inherit__graph.pdf>
<classankicpp_1_1Field__inherit__graph.pdf, id=1285, 329.23pt x 154.5775pt>
File: classankicpp_1_1Field__inherit__graph.pdf Graphic file (type pdf)
<use classankicpp_1_1Field__inherit__graph.pdf>
Package pdftex.def Info: classankicpp_1_1Field__inherit__graph.pdf  used on inp
ut line 10.
(pdftex.def)             Requested size: 328.0pt x 154.00394pt.
 <./classankicpp_1_1Field__coll__graph.pdf>
<classankicpp_1_1Field__coll__graph.pdf, id=1293, 329.23pt x 154.5775pt>
File: classankicpp_1_1Field__coll__graph.pdf Graphic file (type pdf)
<use classankicpp_1_1Field__coll__graph.pdf>
Package pdftex.def Info: classankicpp_1_1Field__coll__graph.pdf  used on input 
line 20.
(pdftex.def)             Requested size: 328.0pt x 154.00394pt.
 [17]) (./classankicpp_1_1FieldDTO.tex)
(./classankicpp_1_1FieldRepository.tex <./classankicpp_1_1FieldRepository__inhe
rit__graph.pdf>
<classankicpp_1_1FieldRepository__inherit__graph.pdf, id=1320, 224.84pt x 165.6
1874pt>
File: classankicpp_1_1FieldRepository__inherit__graph.pdf Graphic file (type pd
f)
<use classankicpp_1_1FieldRepository__inherit__graph.pdf>
Package pdftex.def Info: classankicpp_1_1FieldRepository__inherit__graph.pdf  u
sed on input line 10.
(pdftex.def)             Requested size: 224.0pt x 165.00676pt.
 [18] <./classankicpp_1_1FieldRepository__coll__graph.pdf>
<classankicpp_1_1FieldRepository__coll__graph.pdf, id=1348, 224.84pt x 165.6187
4pt>
File: classankicpp_1_1FieldRepository__coll__graph.pdf Graphic file (type pdf)
<use classankicpp_1_1FieldRepository__coll__graph.pdf>
Package pdftex.def Info: classankicpp_1_1FieldRepository__coll__graph.pdf  used
 on input line 20.
(pdftex.def)             Requested size: 224.0pt x 165.00676pt.

[19]) (./classankicpp_1_1GraveDTO.tex) (./classankicpp_1_1Identifyable.tex <./c
lassankicpp_1_1Identifyable__inherit__graph.pdf>
<classankicpp_1_1Identifyable__inherit__graph.pdf, id=1375, 343.2825pt x 285.06
5pt>
File: classankicpp_1_1Identifyable__inherit__graph.pdf Graphic file (type pdf)
<use classankicpp_1_1Identifyable__inherit__graph.pdf>
Package pdftex.def Info: classankicpp_1_1Identifyable__inherit__graph.pdf  used
 on input line 10.
(pdftex.def)             Requested size: 342.0pt x 283.99861pt.
 [20])
(./classankicpp_1_1Nameable.tex <./classankicpp_1_1Nameable__inherit__graph.pdf
>
<classankicpp_1_1Nameable__inherit__graph.pdf, id=1399, 518.93875pt x 154.5775p
t>
File: classankicpp_1_1Nameable__inherit__graph.pdf Graphic file (type pdf)
<use classankicpp_1_1Nameable__inherit__graph.pdf>
Package pdftex.def Info: classankicpp_1_1Nameable__inherit__graph.pdf  used on 
input line 10.
(pdftex.def)             Requested size: 350.0pt x 104.25981pt.
) (./classankicpp_1_1Note.tex <./classankicpp_1_1Note__inherit__graph.pdf>
<classankicpp_1_1Note__inherit__graph.pdf, id=1407, 199.74625pt x 154.5775pt>
File: classankicpp_1_1Note__inherit__graph.pdf Graphic file (type pdf)
<use classankicpp_1_1Note__inherit__graph.pdf>
Package pdftex.def Info: classankicpp_1_1Note__inherit__graph.pdf  used on inpu
t line 10.
(pdftex.def)             Requested size: 199.0pt x 154.00865pt.

[21] <./classankicpp_1_1Note__coll__graph.pdf>
<classankicpp_1_1Note__coll__graph.pdf, id=1437, 199.74625pt x 154.5775pt>
File: classankicpp_1_1Note__coll__graph.pdf Graphic file (type pdf)
<use classankicpp_1_1Note__coll__graph.pdf>
Package pdftex.def Info: classankicpp_1_1Note__coll__graph.pdf  used on input l
ine 20.
(pdftex.def)             Requested size: 199.0pt x 154.00865pt.
 [22])
(./classankicpp_1_1NoteDTO.tex) (./classankicpp_1_1NoteRepository.tex <./classa
nkicpp_1_1NoteRepository__inherit__graph.pdf>
<classankicpp_1_1NoteRepository__inherit__graph.pdf, id=1478, 224.84pt x 165.61
874pt>
File: classankicpp_1_1NoteRepository__inherit__graph.pdf Graphic file (type pdf
)
<use classankicpp_1_1NoteRepository__inherit__graph.pdf>
Package pdftex.def Info: classankicpp_1_1NoteRepository__inherit__graph.pdf  us
ed on input line 10.
(pdftex.def)             Requested size: 224.0pt x 165.00676pt.
 [23] <./classankicpp_1_1NoteRepository__coll__graph.pdf>
<classankicpp_1_1NoteRepository__coll__graph.pdf, id=1507, 224.84pt x 165.61874
pt>
File: classankicpp_1_1NoteRepository__coll__graph.pdf Graphic file (type pdf)
<use classankicpp_1_1NoteRepository__coll__graph.pdf>
Package pdftex.def Info: classankicpp_1_1NoteRepository__coll__graph.pdf  used 
on input line 20.
(pdftex.def)             Requested size: 224.0pt x 165.00676pt.
) (./classankicpp_1_1NoteType.tex <./classankicpp_1_1NoteType__inherit__graph.p
df>
<classankicpp_1_1NoteType__inherit__graph.pdf, id=1521, 484.81125pt x 165.61874
pt>
File: classankicpp_1_1NoteType__inherit__graph.pdf Graphic file (type pdf)
<use classankicpp_1_1NoteType__inherit__graph.pdf>
Package pdftex.def Info: classankicpp_1_1NoteType__inherit__graph.pdf  used on 
input line 10.
(pdftex.def)             Requested size: 350.0pt x 119.5714pt.
 [24] <./classankicpp_1_1NoteType__coll__graph.pdf>
<classankicpp_1_1NoteType__coll__graph.pdf, id=1538, 484.81125pt x 165.61874pt>

File: classankicpp_1_1NoteType__coll__graph.pdf Graphic file (type pdf)
<use classankicpp_1_1NoteType__coll__graph.pdf>
Package pdftex.def Info: classankicpp_1_1NoteType__coll__graph.pdf  used on inp
ut line 20.
(pdftex.def)             Requested size: 350.0pt x 119.5714pt.

[25]) (./classankicpp_1_1NoteTypeDTO.tex)
(./classankicpp_1_1NoteTypeRepository.tex <./classankicpp_1_1NoteTypeRepository
__inherit__graph.pdf>
<classankicpp_1_1NoteTypeRepository__inherit__graph.pdf, id=1587, 239.89626pt x
 176.66pt>
File: classankicpp_1_1NoteTypeRepository__inherit__graph.pdf Graphic file (type
 pdf)
<use classankicpp_1_1NoteTypeRepository__inherit__graph.pdf>
Package pdftex.def Info: classankicpp_1_1NoteTypeRepository__inherit__graph.pdf
  used on input line 10.
(pdftex.def)             Requested size: 239.0pt x 176.00183pt.
 [26] <./classankicpp_1_1NoteTypeRepository__coll__graph.pdf>
<classankicpp_1_1NoteTypeRepository__coll__graph.pdf, id=1618, 239.89626pt x 17
6.66pt>
File: classankicpp_1_1NoteTypeRepository__coll__graph.pdf Graphic file (type pd
f)
<use classankicpp_1_1NoteTypeRepository__coll__graph.pdf>
Package pdftex.def Info: classankicpp_1_1NoteTypeRepository__coll__graph.pdf  u
sed on input line 20.
(pdftex.def)             Requested size: 239.0pt x 176.00183pt.
) (./classankicpp_1_1Repository.tex [27])
(./classankicpp_1_1Repository_3_01CardDTO_00_01std_1_1int64__t_01_4.tex <./clas
sankicpp_1_1Repository_3_01CardDTO_00_01std_1_1int64__t_01_4__inherit__graph.pd
f>
<classankicpp_1_1Repository_3_01CardDTO_00_01std_1_1int64__t_01_4__inherit__gra
ph.pdf, id=1641, 223.83624pt x 165.61874pt>
File: classankicpp_1_1Repository_3_01CardDTO_00_01std_1_1int64__t_01_4__inherit
__graph.pdf Graphic file (type pdf)
<use classankicpp_1_1Repository_3_01CardDTO_00_01std_1_1int64__t_01_4__inherit_
_graph.pdf>
Package pdftex.def Info: classankicpp_1_1Repository_3_01CardDTO_00_01std_1_1int
64__t_01_4__inherit__graph.pdf  used on input line 10.
(pdftex.def)             Requested size: 223.0pt x 165.00423pt.
) (./classankicpp_1_1Repository_3_01ColDTO_00_01std_1_1int64__t_01_4.tex <./cla
ssankicpp_1_1Repository_3_01ColDTO_00_01std_1_1int64__t_01_4__inherit__graph.pd
f>
<classankicpp_1_1Repository_3_01ColDTO_00_01std_1_1int64__t_01_4__inherit__grap
h.pdf, id=1654, 217.81375pt x 165.61874pt>
File: classankicpp_1_1Repository_3_01ColDTO_00_01std_1_1int64__t_01_4__inherit_
_graph.pdf Graphic file (type pdf)
<use classankicpp_1_1Repository_3_01ColDTO_00_01std_1_1int64__t_01_4__inherit__
graph.pdf>
Package pdftex.def Info: classankicpp_1_1Repository_3_01ColDTO_00_01std_1_1int6
4__t_01_4__inherit__graph.pdf  used on input line 10.
(pdftex.def)             Requested size: 217.0pt x 164.99918pt.
 [28])
(./classankicpp_1_1Repository_3_01ConfigDTO_00_01std_1_1int64__t_01_4.tex <./cl
assankicpp_1_1Repository_3_01ConfigDTO_00_01std_1_1int64__t_01_4__inherit__grap
h.pdf>
<classankicpp_1_1Repository_3_01ConfigDTO_00_01std_1_1int64__t_01_4__inherit__g
raph.pdf, id=1685, 232.87pt x 165.61874pt>
File: classankicpp_1_1Repository_3_01ConfigDTO_00_01std_1_1int64__t_01_4__inher
it__graph.pdf Graphic file (type pdf)
<use classankicpp_1_1Repository_3_01ConfigDTO_00_01std_1_1int64__t_01_4__inheri
t__graph.pdf>
Package pdftex.def Info: classankicpp_1_1Repository_3_01ConfigDTO_00_01std_1_1i
nt64__t_01_4__inherit__graph.pdf  used on input line 10.
(pdftex.def)             Requested size: 232.0pt x 165.00676pt.
 [29])
(./classankicpp_1_1Repository_3_01DeckConfigDTO_00_01std_1_1int64__t_01_4.tex <
./classankicpp_1_1Repository_3_01DeckConfigDTO_00_01std_1_1int64__t_01_4__inher
it__graph.pdf>
<classankicpp_1_1Repository_3_01DeckConfigDTO_00_01std_1_1int64__t_01_4__inheri
t__graph.pdf, id=1719, 249.93375pt x 176.66pt>
File: classankicpp_1_1Repository_3_01DeckConfigDTO_00_01std_1_1int64__t_01_4__i
nherit__graph.pdf Graphic file (type pdf)
<use classankicpp_1_1Repository_3_01DeckConfigDTO_00_01std_1_1int64__t_01_4__in
herit__graph.pdf>
Package pdftex.def Info: classankicpp_1_1Repository_3_01DeckConfigDTO_00_01std_
1_1int64__t_01_4__inherit__graph.pdf  used on input line 10.
(pdftex.def)             Requested size: 249.0pt x 176.00722pt.
)
(./classankicpp_1_1Repository_3_01DeckDTO_00_01std_1_1int64__t_01_4.tex <./clas
sankicpp_1_1Repository_3_01DeckDTO_00_01std_1_1int64__t_01_4__inherit__graph.pd
f>
<classankicpp_1_1Repository_3_01DeckDTO_00_01std_1_1int64__t_01_4__inherit__gra
ph.pdf, id=1739, 226.8475pt x 165.61874pt>
File: classankicpp_1_1Repository_3_01DeckDTO_00_01std_1_1int64__t_01_4__inherit
__graph.pdf Graphic file (type pdf)
<use classankicpp_1_1Repository_3_01DeckDTO_00_01std_1_1int64__t_01_4__inherit_
_graph.pdf>
Package pdftex.def Info: classankicpp_1_1Repository_3_01DeckDTO_00_01std_1_1int
64__t_01_4__inherit__graph.pdf  used on input line 10.
(pdftex.def)             Requested size: 226.0pt x 165.00171pt.
 [30])
(./classankicpp_1_1Repository_3_01FieldDTO_00_01std_1_1int64__t_01_4.tex <./cla
ssankicpp_1_1Repository_3_01FieldDTO_00_01std_1_1int64__t_01_4__inherit__graph.
pdf>
<classankicpp_1_1Repository_3_01FieldDTO_00_01std_1_1int64__t_01_4__inherit__gr
aph.pdf, id=1770, 224.84pt x 165.61874pt>
File: classankicpp_1_1Repository_3_01FieldDTO_00_01std_1_1int64__t_01_4__inheri
t__graph.pdf Graphic file (type pdf)
<use classankicpp_1_1Repository_3_01FieldDTO_00_01std_1_1int64__t_01_4__inherit
__graph.pdf>
Package pdftex.def Info: classankicpp_1_1Repository_3_01FieldDTO_00_01std_1_1in
t64__t_01_4__inherit__graph.pdf  used on input line 10.
(pdftex.def)             Requested size: 224.0pt x 165.00676pt.
 [31])
(./classankicpp_1_1Repository_3_01NoteDTO_00_01std_1_1int64__t_01_4.tex <./clas
sankicpp_1_1Repository_3_01NoteDTO_00_01std_1_1int64__t_01_4__inherit__graph.pd
f>
<classankicpp_1_1Repository_3_01NoteDTO_00_01std_1_1int64__t_01_4__inherit__gra
ph.pdf, id=1797, 224.84pt x 165.61874pt>
File: classankicpp_1_1Repository_3_01NoteDTO_00_01std_1_1int64__t_01_4__inherit
__graph.pdf Graphic file (type pdf)
<use classankicpp_1_1Repository_3_01NoteDTO_00_01std_1_1int64__t_01_4__inherit_
_graph.pdf>
Package pdftex.def Info: classankicpp_1_1Repository_3_01NoteDTO_00_01std_1_1int
64__t_01_4__inherit__graph.pdf  used on input line 10.
(pdftex.def)             Requested size: 224.0pt x 165.00676pt.
) (./classankicpp_1_1Repository_3_01NoteTypeDTO_00_01std_1_1int64__t_01_4.tex <
./classankicpp_1_1Repository_3_01NoteTypeDTO_00_01std_1_1int64__t_01_4__inherit
__graph.pdf>
<classankicpp_1_1Repository_3_01NoteTypeDTO_00_01std_1_1int64__t_01_4__inherit_
_graph.pdf, id=1810, 239.89626pt x 176.66pt>
File: classankicpp_1_1Repository_3_01NoteTypeDTO_00_01std_1_1int64__t_01_4__inh
erit__graph.pdf Graphic file (type pdf)
<use classankicpp_1_1Repository_3_01NoteTypeDTO_00_01std_1_1int64__t_01_4__inhe
rit__graph.pdf>
Package pdftex.def Info: classankicpp_1_1Repository_3_01NoteTypeDTO_00_01std_1_
1int64__t_01_4__inherit__graph.pdf  used on input line 10.
(pdftex.def)             Requested size: 239.0pt x 176.00183pt.
 [32])
(./classankicpp_1_1Repository_3_01TemplateDTO_00_01std_1_1int64__t_01_4.tex <./
classankicpp_1_1Repository_3_01TemplateDTO_00_01std_1_1int64__t_01_4__inherit__
graph.pdf>
<classankicpp_1_1Repository_3_01TemplateDTO_00_01std_1_1int64__t_01_4__inherit_
_graph.pdf, id=1842, 238.8925pt x 176.66pt>
File: classankicpp_1_1Repository_3_01TemplateDTO_00_01std_1_1int64__t_01_4__inh
erit__graph.pdf Graphic file (type pdf)
<use classankicpp_1_1Repository_3_01TemplateDTO_00_01std_1_1int64__t_01_4__inhe
rit__graph.pdf>
Package pdftex.def Info: classankicpp_1_1Repository_3_01TemplateDTO_00_01std_1_
1int64__t_01_4__inherit__graph.pdf  used on input line 10.
(pdftex.def)             Requested size: 238.0pt x 175.99913pt.
 [33]) (./classankicpp_1_1TagDTO.tex) (./classankicpp_1_1Template.tex <./classa
nkicpp_1_1Template__inherit__graph.pdf>
<classankicpp_1_1Template__inherit__graph.pdf, id=1868, 329.23pt x 154.5775pt>
File: classankicpp_1_1Template__inherit__graph.pdf Graphic file (type pdf)
<use classankicpp_1_1Template__inherit__graph.pdf>
Package pdftex.def Info: classankicpp_1_1Template__inherit__graph.pdf  used on 
input line 10.
(pdftex.def)             Requested size: 328.0pt x 154.00394pt.
 <./classankicpp_1_1Template__coll__graph.pdf>
<classankicpp_1_1Template__coll__graph.pdf, id=1876, 329.23pt x 154.5775pt>
File: classankicpp_1_1Template__coll__graph.pdf Graphic file (type pdf)
<use classankicpp_1_1Template__coll__graph.pdf>
Package pdftex.def Info: classankicpp_1_1Template__coll__graph.pdf  used on inp
ut line 20.
(pdftex.def)             Requested size: 328.0pt x 154.00394pt.
 [34]) (./classankicpp_1_1TemplateDTO.tex [35])
(./classankicpp_1_1TemplateRepository.tex <./classankicpp_1_1TemplateRepository
__inherit__graph.pdf>
<classankicpp_1_1TemplateRepository__inherit__graph.pdf, id=1931, 238.8925pt x 
176.66pt>
File: classankicpp_1_1TemplateRepository__inherit__graph.pdf Graphic file (type
 pdf)
<use classankicpp_1_1TemplateRepository__inherit__graph.pdf>
Package pdftex.def Info: classankicpp_1_1TemplateRepository__inherit__graph.pdf
  used on input line 10.
(pdftex.def)             Requested size: 238.0pt x 175.99913pt.
 <./classankicpp_1_1TemplateRepository__coll__graph.pdf>
<classankicpp_1_1TemplateRepository__coll__graph.pdf, id=1939, 238.8925pt x 176
.66pt>
File: classankicpp_1_1TemplateRepository__coll__graph.pdf Graphic file (type pd
f)
<use classankicpp_1_1TemplateRepository__coll__graph.pdf>
Package pdftex.def Info: classankicpp_1_1TemplateRepository__coll__graph.pdf  u
sed on input line 20.
(pdftex.def)             Requested size: 238.0pt x 175.99913pt.

[36]) (./structsoci_1_1type__conversion_3_01ankicpp_1_1CardDTO_01_4.tex)
(./structsoci_1_1type__conversion_3_01ankicpp_1_1ColDTO_01_4.tex [37])
(./structsoci_1_1type__conversion_3_01ankicpp_1_1ConfigDTO_01_4.tex)
(./structsoci_1_1type__conversion_3_01ankicpp_1_1DeckConfigDTO_01_4.tex)
(./structsoci_1_1type__conversion_3_01ankicpp_1_1DeckDTO_01_4.tex [38])
(./structsoci_1_1type__conversion_3_01ankicpp_1_1FieldDTO_01_4.tex)
(./structsoci_1_1type__conversion_3_01ankicpp_1_1NoteDTO_01_4.tex)
(./structsoci_1_1type__conversion_3_01ankicpp_1_1NoteTypeDTO_01_4.tex)
(./structsoci_1_1type__conversion_3_01ankicpp_1_1TemplateDTO_01_4.tex [39])
[40]
Chapter 5.
(./ankicpp_8h_source.tex
LaTeX Font Info:    Trying to load font information for T1+pcr on input line 4.


(/usr/share/texlive/texmf-dist/tex/latex/psnfss/t1pcr.fd
File: t1pcr.fd 2001/06/04 font definitions for T1/pcr.
))
(./export_8h_source.tex) (./card-dto_8h_source.tex [41

])
(./card-mapper_8h_source.tex) (./card-repository_8h_source.tex)
(./card_8h_source.tex [42]) (./col-dto_8h_source.tex)
(./col-repository_8h_source.tex [43]) (./col_8h_source.tex)
(./compression_8h_source.tex) (./zip-utils_8h_source.tex)
(./zstd-utils_8h_source.tex) (./config-dto_8h_source.tex [44] [45])
(./config-repository_8h_source.tex) (./config_8h_source.tex)
(./database_8h_source.tex [46]) (./repository_8h_source.tex)
(./deck-config-dto_8h_source.tex) (./deck-config-repository_8h_source.tex
[47]) (./deck-dto_8h_source.tex) (./deck-mapper_8h_source.tex)
(./deck-repository_8h_source.tex [48]) (./deck_8h_source.tex)
(./field-dto_8h_source.tex) (./field-mapper_8h_source.tex)
(./field-repository_8h_source.tex [49]) (./field_8h_source.tex)
(./grave-dto_8h_source.tex) (./grave_8h_source.tex) (./note-dto_8h_source.tex
[50]) (./note-mapper_8h_source.tex) (./note-repository_8h_source.tex)
(./note-type-dto_8h_source.tex [51]) (./note-type-mapper_8h_source.tex)
(./note-type-repository_8h_source.tex) (./note-type_8h_source.tex [52])
(./note_8h_source.tex) (./reflog-dto_8h_source.tex [53])
(./reflog_8h_source.tex) (./tag-dto_8h_source.tex) (./tag_8h_source.tex)
(./template-dto_8h_source.tex) (./template-mapper_8h_source.tex)
(./template-repository_8h_source.tex [54]) (./template_8h_source.tex)
(./identifyable_8h_source.tex) (./nameable_8h_source.tex [55])
(./time_8h_source.tex) (./util_8h_source.tex) [56] (./refman.ind
LaTeX Font Info:    Font shape `T1/phv/m/n' will be
(Font)              scaled to size 22.39185pt on input line 1.
 [57



])
(./refman.aux)
 ***********
LaTeX2e <2023-11-01> patch level 1
L3 programming layer <2024-01-22>
 ***********
Package rerunfilecheck Info: File `refman.out' has not changed.
(rerunfilecheck)             Checksum: C1914642D230C8CD2779E7135700BE48;23216.
 ) 
Here is how much of TeX's memory you used:
 19839 strings out of 474222
 375401 string characters out of 5748733
 1955975 words of memory out of 5000000
 40938 multiletter control sequences out of 15000+600000
 599553 words of font info for 101 fonts, out of 8000000 for 9000
 1141 hyphenation exceptions out of 8191
 101i,16n,117p,571b,601s stack positions out of 10000i,1000n,20000p,200000b,200000s
</usr/share/texlive/texmf-dist/fonts/type1/public/amsfonts/cm/cmmi10.pfb></us
r/share/texlive/texmf-dist/fonts/type1/public/amsfonts/cm/cmmi12.pfb></usr/shar
e/texlive/texmf-dist/fonts/type1/public/amsfonts/cm/cmsy7.pfb></usr/share/texli
ve/texmf-dist/fonts/type1/urw/courier/ucrr8a.pfb></usr/share/texlive/texmf-dist
/fonts/type1/urw/helvetic/uhvb8a.pfb></usr/share/texlive/texmf-dist/fonts/type1
/urw/helvetic/uhvr8a.pfb>
Output written on refman.pdf (63 pages, 478047 bytes).
PDF statistics:
 2490 PDF objects out of 2984 (max. 8388607)
 2252 compressed objects within 23 object streams
 644 named destinations out of 1000 (max. 500000)
 1046 words of extra memory for PDF output out of 10000 (max. 10000000)

